2025-04-07 17:18:13,939 - INFO - Configuration:
2025-04-07 17:18:13,940 - INFO - [experiment]
2025-04-07 17:18:13,940 - INFO -   name: n=128_e=8_m=FNO_s=RFS_l=JAC
2025-04-07 17:18:13,941 - INFO -   log_dir: logs
2025-04-07 17:18:13,941 - INFO -   output_dir: output
2025-04-07 17:18:13,941 - INFO -   checkpoint_dir: checkpoints
2025-04-07 17:18:13,942 - INFO -   model_type: NS
2025-04-07 17:18:13,942 - INFO -   dataset_type: NS
2025-04-07 17:18:13,942 - INFO -   seed: 42
2025-04-07 17:18:13,942 - INFO -   debug: False
2025-04-07 17:18:13,943 - INFO -   tags: ['4 Eigenvectors', '2 samples', 'FNO', 'RFS', 'JAC']
2025-04-07 17:18:13,943 - INFO - [data_settings]
2025-04-07 17:18:13,943 - INFO -   nx: 128
2025-04-07 17:18:13,944 - INFO -   ny: 128
2025-04-07 17:18:13,944 - INFO -   batch_size: 1
2025-04-07 17:18:13,944 - INFO -   eigen_count: 8
2025-04-07 17:18:13,944 - INFO -   sample_directories: ['../datasets/dataset_NS_batch1', '../datasets/dataset_NS_batch2']
2025-04-07 17:18:13,945 - INFO - [model_settings]
2025-04-07 17:18:13,945 - INFO -   in_channels: 1
2025-04-07 17:18:13,945 - INFO -   out_channels: 1
2025-04-07 17:18:13,946 - INFO -   decoder_layer_size: 256
2025-04-07 17:18:13,946 - INFO -   num_fno_layers: 6
2025-04-07 17:18:13,946 - INFO -   num_fno_modes: [32, 32]
2025-04-07 17:18:13,946 - INFO -   padding: 0
2025-04-07 17:18:13,947 - INFO -   dimension: 2
2025-04-07 17:18:13,947 - INFO -   latent_channels: 64
2025-04-07 17:18:13,947 - INFO -   loss_type: JAC
2025-04-07 17:18:13,948 - INFO -   train_eigen_count: 4
2025-04-07 17:18:13,948 - INFO -   reg_param: 0.01
2025-04-07 17:18:13,948 - INFO -   scale_factor: 5500.0
2025-04-07 17:18:13,949 - INFO -   learning_rate: 0.0001
2025-04-07 17:18:13,949 - INFO -   weight_decay: 1e-05
2025-04-07 17:18:13,949 - INFO - [training_settings]
2025-04-07 17:18:13,949 - INFO -   accum_steps: 1
2025-04-07 17:18:13,950 - INFO -   num_epoch: 100
2025-04-07 17:18:13,950 - INFO -   num_train: 2
2025-04-07 17:18:13,950 - INFO -   num_test: 2
2025-04-07 17:18:13,951 - INFO -   shuffle_train: True
2025-04-07 17:18:13,951 - INFO -   shuffle_test: False
2025-04-07 17:18:13,951 - INFO -   enable_checkpointing: True
2025-04-07 17:18:13,952 - INFO -   log_checkpoint: False
2025-04-07 17:18:13,952 - INFO -   checkpoint_interval: 1
2025-04-07 17:18:13,952 - INFO -   save_top_k: 1
2025-04-07 17:18:13,952 - INFO - [visualization_settings]
2025-04-07 17:18:13,953 - INFO -   save_to_disk: False
2025-04-07 17:18:13,953 - INFO -   log_to_neptune: True
2025-04-07 17:18:13,953 - INFO -   num_plots: 2
2025-04-07 17:18:13,953 - INFO -   check_val_every_n_epoch: 1
2025-04-07 17:18:13,954 - INFO -   plot_interval: 1
2025-04-07 17:18:13,954 - INFO - [neptune]
2025-04-07 17:18:13,954 - INFO -   enabled: True
2025-04-07 17:18:13,955 - INFO -   project: slim-gatech/Jayjay
2025-04-07 17:18:23,222 - INFO - Starting training...
