2025-04-07 14:16:10,356 - INFO - Configuration:
2025-04-07 14:16:10,358 - INFO - [experiment]
2025-04-07 14:16:10,359 - INFO -   name: n=128_e=8_m=FNO_s=RFS_l=JAC
2025-04-07 14:16:10,360 - INFO -   log_dir: logs
2025-04-07 14:16:10,360 - INFO -   output_dir: output
2025-04-07 14:16:10,361 - INFO -   checkpoint_dir: checkpoints
2025-04-07 14:16:10,362 - INFO -   model_type: NS
2025-04-07 14:16:10,362 - INFO -   dataset_type: NS
2025-04-07 14:16:10,363 - INFO -   seed: 42
2025-04-07 14:16:10,364 - INFO -   debug: False
2025-04-07 14:16:10,365 - INFO -   tags: ['4 Eigenvectors', '4 samples', 'FNO', 'RFS', 'JAC']
2025-04-07 14:16:10,366 - INFO - [data_settings]
2025-04-07 14:16:10,367 - INFO -   nx: 128
2025-04-07 14:16:10,367 - INFO -   ny: 128
2025-04-07 14:16:10,368 - INFO -   batch_size: 1
2025-04-07 14:16:10,369 - INFO -   eigen_count: 8
2025-04-07 14:16:10,369 - INFO -   sample_directories: ['../datasets/dataset_NS_batch1', '../datasets/dataset_NS_batch2']
2025-04-07 14:16:10,370 - INFO - [model_settings]
2025-04-07 14:16:10,371 - INFO -   in_channels: 1
2025-04-07 14:16:10,372 - INFO -   out_channels: 1
2025-04-07 14:16:10,372 - INFO -   decoder_layer_size: 256
2025-04-07 14:16:10,373 - INFO -   num_fno_layers: 6
2025-04-07 14:16:10,373 - INFO -   num_fno_modes: [32, 32]
2025-04-07 14:16:10,374 - INFO -   padding: 0
2025-04-07 14:16:10,375 - INFO -   dimension: 2
2025-04-07 14:16:10,375 - INFO -   latent_channels: 64
2025-04-07 14:16:10,376 - INFO -   loss_type: JAC
2025-04-07 14:16:10,377 - INFO -   train_eigen_count: 4
2025-04-07 14:16:10,377 - INFO -   reg_param: 0.01
2025-04-07 14:16:10,378 - INFO -   scale_factor: 5500.0
2025-04-07 14:16:10,379 - INFO -   learning_rate: 0.0001
2025-04-07 14:16:10,379 - INFO -   weight_decay: 1e-05
2025-04-07 14:16:10,380 - INFO - [training_settings]
2025-04-07 14:16:10,380 - INFO -   accum_steps: 1
2025-04-07 14:16:10,381 - INFO -   num_epoch: 100
2025-04-07 14:16:10,382 - INFO -   num_train: 4
2025-04-07 14:16:10,382 - INFO -   num_test: 4
2025-04-07 14:16:10,383 - INFO -   shuffle_train: True
2025-04-07 14:16:10,384 - INFO -   shuffle_test: False
2025-04-07 14:16:10,384 - INFO -   enable_checkpointing: True
2025-04-07 14:16:10,385 - INFO -   log_checkpoint: False
2025-04-07 14:16:10,386 - INFO -   checkpoint_interval: 1
2025-04-07 14:16:10,387 - INFO -   save_top_k: 1
2025-04-07 14:16:10,387 - INFO -   num_samples: 4
2025-04-07 14:16:10,388 - INFO - [visualization_settings]
2025-04-07 14:16:10,389 - INFO -   save_to_disk: False
2025-04-07 14:16:10,390 - INFO -   log_to_neptune: True
2025-04-07 14:16:10,390 - INFO -   num_plots: 2
2025-04-07 14:16:10,391 - INFO -   check_val_every_n_epoch: 1
2025-04-07 14:16:10,391 - INFO -   plot_interval: 1
2025-04-07 14:16:10,392 - INFO - [neptune]
2025-04-07 14:16:10,393 - INFO -   enabled: True
2025-04-07 14:16:10,393 - INFO -   project: slim-gatech/Jayjay
2025-04-07 14:18:30,074 - INFO - Starting training...
