2025-04-09 12:44:42,649 - INFO - Configuration:
2025-04-09 12:44:42,651 - INFO - [experiment]
2025-04-09 12:44:42,652 - INFO -   name: n=64_e=1_m=FNO_s=RFS_l=JAC_lamba=0.5
2025-04-09 12:44:42,653 - INFO -   log_dir: logs
2025-04-09 12:44:42,653 - INFO -   output_dir: output
2025-04-09 12:44:42,654 - INFO -   checkpoint_dir: checkpoints
2025-04-09 12:44:42,654 - INFO -   model_type: NS
2025-04-09 12:44:42,655 - INFO -   dataset_type: NS
2025-04-09 12:44:42,655 - INFO -   seed: 42
2025-04-09 12:44:42,656 - INFO -   debug: False
2025-04-09 12:44:42,656 - INFO -   tags: ['1 Eigenvector', '64 samples', 'FNO', 'RFS', 'JAC']
2025-04-09 12:44:42,657 - INFO - [data_settings]
2025-04-09 12:44:42,658 - INFO -   nx: 128
2025-04-09 12:44:42,658 - INFO -   ny: 128
2025-04-09 12:44:42,659 - INFO -   batch_size: 1
2025-04-09 12:44:42,659 - INFO -   eigen_count: 8
2025-04-09 12:44:42,660 - INFO -   sample_directories: ['../datasets/dataset_NS_batch1', '../datasets/dataset_NS_batch2']
2025-04-09 12:44:42,660 - INFO - [model_settings]
2025-04-09 12:44:42,661 - INFO -   in_channels: 1
2025-04-09 12:44:42,661 - INFO -   out_channels: 1
2025-04-09 12:44:42,662 - INFO -   decoder_layer_size: 256
2025-04-09 12:44:42,662 - INFO -   num_fno_layers: 6
2025-04-09 12:44:42,663 - INFO -   num_fno_modes: [32, 32]
2025-04-09 12:44:42,664 - INFO -   padding: 0
2025-04-09 12:44:42,664 - INFO -   dimension: 2
2025-04-09 12:44:42,665 - INFO -   latent_channels: 64
2025-04-09 12:44:42,665 - INFO -   loss_type: JAC
2025-04-09 12:44:42,666 - INFO -   train_eigen_count: 1
2025-04-09 12:44:42,666 - INFO -   reg_param: 0.5
2025-04-09 12:44:42,667 - INFO -   scale_factor: 1.0
2025-04-09 12:44:42,667 - INFO -   learning_rate: 0.0008
2025-04-09 12:44:42,668 - INFO -   weight_decay: 1e-05
2025-04-09 12:44:42,668 - INFO - [training_settings]
2025-04-09 12:44:42,669 - INFO -   accum_steps: 1
2025-04-09 12:44:42,669 - INFO -   num_epoch: 150
2025-04-09 12:44:42,670 - INFO -   num_train: 64
2025-04-09 12:44:42,670 - INFO -   num_test: 8
2025-04-09 12:44:42,671 - INFO -   shuffle_train: True
2025-04-09 12:44:42,671 - INFO -   shuffle_test: False
2025-04-09 12:44:42,672 - INFO -   enable_checkpointing: True
2025-04-09 12:44:42,672 - INFO -   log_checkpoint: False
2025-04-09 12:44:42,673 - INFO -   checkpoint_interval: 1
2025-04-09 12:44:42,673 - INFO -   save_top_k: 1
2025-04-09 12:44:42,674 - INFO - [visualization_settings]
2025-04-09 12:44:42,674 - INFO -   save_to_disk: False
2025-04-09 12:44:42,675 - INFO -   log_to_neptune: True
2025-04-09 12:44:42,676 - INFO -   num_plots: 2
2025-04-09 12:44:42,676 - INFO -   check_val_every_n_epoch: 1
2025-04-09 12:44:42,676 - INFO -   plot_interval: 1
2025-04-09 12:44:42,677 - INFO - [neptune]
2025-04-09 12:44:42,677 - INFO -   enabled: True
2025-04-09 12:44:42,678 - INFO -   project: slim-gatech/Jayjay
