2025-04-07 14:59:51,264 - INFO - Configuration:
2025-04-07 14:59:51,265 - INFO - [experiment]
2025-04-07 14:59:51,266 - INFO -   name: n=128_e=8_m=FNO_s=RFS_l=JAC
2025-04-07 14:59:51,266 - INFO -   log_dir: logs
2025-04-07 14:59:51,267 - INFO -   output_dir: output
2025-04-07 14:59:51,267 - INFO -   checkpoint_dir: checkpoints
2025-04-07 14:59:51,268 - INFO -   model_type: NS
2025-04-07 14:59:51,268 - INFO -   dataset_type: NS
2025-04-07 14:59:51,269 - INFO -   seed: 42
2025-04-07 14:59:51,269 - INFO -   debug: False
2025-04-07 14:59:51,270 - INFO -   tags: ['4 Eigenvectors', '2 samples', 'FNO', 'RFS', 'JAC']
2025-04-07 14:59:51,271 - INFO - [data_settings]
2025-04-07 14:59:51,271 - INFO -   nx: 128
2025-04-07 14:59:51,272 - INFO -   ny: 128
2025-04-07 14:59:51,272 - INFO -   batch_size: 1
2025-04-07 14:59:51,273 - INFO -   eigen_count: 8
2025-04-07 14:59:51,273 - INFO -   sample_directories: ['../datasets/dataset_NS_batch1', '../datasets/dataset_NS_batch2']
2025-04-07 14:59:51,274 - INFO - [model_settings]
2025-04-07 14:59:51,275 - INFO -   in_channels: 1
2025-04-07 14:59:51,275 - INFO -   out_channels: 1
2025-04-07 14:59:51,275 - INFO -   decoder_layer_size: 256
2025-04-07 14:59:51,276 - INFO -   num_fno_layers: 6
2025-04-07 14:59:51,276 - INFO -   num_fno_modes: [32, 32]
2025-04-07 14:59:51,277 - INFO -   padding: 0
2025-04-07 14:59:51,278 - INFO -   dimension: 2
2025-04-07 14:59:51,278 - INFO -   latent_channels: 64
2025-04-07 14:59:51,279 - INFO -   loss_type: JAC
2025-04-07 14:59:51,279 - INFO -   train_eigen_count: 4
2025-04-07 14:59:51,280 - INFO -   reg_param: 0.01
2025-04-07 14:59:51,280 - INFO -   scale_factor: 5500.0
2025-04-07 14:59:51,281 - INFO -   learning_rate: 0.0001
2025-04-07 14:59:51,281 - INFO -   weight_decay: 1e-05
2025-04-07 14:59:51,281 - INFO - [training_settings]
2025-04-07 14:59:51,282 - INFO -   accum_steps: 1
2025-04-07 14:59:51,283 - INFO -   num_epoch: 100
2025-04-07 14:59:51,284 - INFO -   num_train: 2
2025-04-07 14:59:51,284 - INFO -   num_test: 2
2025-04-07 14:59:51,284 - INFO -   shuffle_train: True
2025-04-07 14:59:51,285 - INFO -   shuffle_test: False
2025-04-07 14:59:51,285 - INFO -   enable_checkpointing: True
2025-04-07 14:59:51,286 - INFO -   log_checkpoint: False
2025-04-07 14:59:51,286 - INFO -   checkpoint_interval: 1
2025-04-07 14:59:51,287 - INFO -   save_top_k: 1
2025-04-07 14:59:51,287 - INFO - [visualization_settings]
2025-04-07 14:59:51,287 - INFO -   save_to_disk: False
2025-04-07 14:59:51,288 - INFO -   log_to_neptune: True
2025-04-07 14:59:51,289 - INFO -   num_plots: 2
2025-04-07 14:59:51,289 - INFO -   check_val_every_n_epoch: 1
2025-04-07 14:59:51,289 - INFO -   plot_interval: 1
2025-04-07 14:59:51,290 - INFO - [neptune]
2025-04-07 14:59:51,290 - INFO -   enabled: True
2025-04-07 14:59:51,291 - INFO -   project: slim-gatech/Jayjay
2025-04-07 15:00:00,621 - INFO - Starting training...
