2025-04-07 13:41:02,172 - INFO - Configuration:
2025-04-07 13:41:02,173 - INFO - [experiment]
2025-04-07 13:41:02,173 - INFO -   name: NS_training
2025-04-07 13:41:02,174 - INFO -   log_dir: logs
2025-04-07 13:41:02,174 - INFO -   output_dir: output
2025-04-07 13:41:02,175 - INFO -   checkpoint_dir: checkpoints
2025-04-07 13:41:02,175 - INFO -   model_type: NS
2025-04-07 13:41:02,175 - INFO -   dataset_type: NS
2025-04-07 13:41:02,176 - INFO -   seed: 42
2025-04-07 13:41:02,176 - INFO -   debug: False
2025-04-07 13:41:02,177 - INFO -   tags: ['NS', 'JAC']
2025-04-07 13:41:02,177 - INFO - [data_settings]
2025-04-07 13:41:02,178 - INFO -   nx: 128
2025-04-07 13:41:02,178 - INFO -   ny: 128
2025-04-07 13:41:02,178 - INFO -   batch_size: 1
2025-04-07 13:41:02,179 - INFO -   eigen_count: 8
2025-04-07 13:41:02,179 - INFO -   sample_directories: ['../datasets/dataset_NS_batch1', '../datasets/dataset_NS_batch2']
2025-04-07 13:41:02,180 - INFO - [model_settings]
2025-04-07 13:41:02,180 - INFO -   in_channels: 1
2025-04-07 13:41:02,181 - INFO -   out_channels: 1
2025-04-07 13:41:02,181 - INFO -   decoder_layer_size: 256
2025-04-07 13:41:02,181 - INFO -   num_fno_layers: 6
2025-04-07 13:41:02,182 - INFO -   num_fno_modes: [32, 32]
2025-04-07 13:41:02,182 - INFO -   padding: 0
2025-04-07 13:41:02,183 - INFO -   dimension: 2
2025-04-07 13:41:02,183 - INFO -   latent_channels: 64
2025-04-07 13:41:02,183 - INFO -   loss_type: L2
2025-04-07 13:41:02,184 - INFO -   train_eigen_count: 8
2025-04-07 13:41:02,184 - INFO -   reg_param: 0.5
2025-04-07 13:41:02,184 - INFO -   scale_factor: 5500.0
2025-04-07 13:41:02,185 - INFO -   learning_rate: 0.0001
2025-04-07 13:41:02,185 - INFO -   weight_decay: 1e-05
2025-04-07 13:41:02,185 - INFO - [training_settings]
2025-04-07 13:41:02,186 - INFO -   accum_steps: 1
2025-04-07 13:41:02,186 - INFO -   num_epoch: 100
2025-04-07 13:41:02,187 - INFO -   num_train: 128
2025-04-07 13:41:02,187 - INFO -   num_test: 10
2025-04-07 13:41:02,187 - INFO -   shuffle_train: False
2025-04-07 13:41:02,188 - INFO -   shuffle_test: False
2025-04-07 13:41:02,188 - INFO -   enable_checkpointing: True
2025-04-07 13:41:02,188 - INFO -   log_checkpoint: False
2025-04-07 13:41:02,189 - INFO -   checkpoint_interval: 1
2025-04-07 13:41:02,189 - INFO -   save_top_k: 1
2025-04-07 13:41:02,189 - INFO - [visualization_settings]
2025-04-07 13:41:02,190 - INFO -   save_to_disk: False
2025-04-07 13:41:02,190 - INFO -   log_to_neptune: True
2025-04-07 13:41:02,190 - INFO -   num_plots: 2
2025-04-07 13:41:02,190 - INFO -   check_val_every_n_epoch: 1
2025-04-07 13:41:02,191 - INFO -   plot_interval: 1
2025-04-07 13:41:02,191 - INFO - [neptune]
2025-04-07 13:41:02,192 - INFO -   enabled: True
2025-04-07 13:41:02,192 - INFO -   project: slim-gatech/Jayjay
2025-04-07 13:41:12,068 - INFO - Starting training...
