2025-04-07 19:58:24,432 - INFO - Configuration:
2025-04-07 19:58:24,435 - INFO - [experiment]
2025-04-07 19:58:24,436 - INFO -   name: n=128_e=4_m=FNO_s=RFS_l=JAC
2025-04-07 19:58:24,436 - INFO -   log_dir: logs
2025-04-07 19:58:24,437 - INFO -   output_dir: output
2025-04-07 19:58:24,438 - INFO -   checkpoint_dir: checkpoints
2025-04-07 19:58:24,439 - INFO -   model_type: NS
2025-04-07 19:58:24,439 - INFO -   dataset_type: NS
2025-04-07 19:58:24,440 - INFO -   seed: 42
2025-04-07 19:58:24,441 - INFO -   debug: False
2025-04-07 19:58:24,442 - INFO -   tags: ['4 Eigenvectors', '2 samples', 'FNO', 'RFS', 'JAC']
2025-04-07 19:58:24,443 - INFO - [data_settings]
2025-04-07 19:58:24,443 - INFO -   nx: 128
2025-04-07 19:58:24,444 - INFO -   ny: 128
2025-04-07 19:58:24,444 - INFO -   batch_size: 1
2025-04-07 19:58:24,445 - INFO -   eigen_count: 8
2025-04-07 19:58:24,446 - INFO -   sample_directories: ['../datasets/dataset_NS_batch1', '../datasets/dataset_NS_batch2']
2025-04-07 19:58:24,446 - INFO - [model_settings]
2025-04-07 19:58:24,447 - INFO -   in_channels: 1
2025-04-07 19:58:24,447 - INFO -   out_channels: 1
2025-04-07 19:58:24,448 - INFO -   decoder_layer_size: 256
2025-04-07 19:58:24,448 - INFO -   num_fno_layers: 6
2025-04-07 19:58:24,449 - INFO -   num_fno_modes: [32, 32]
2025-04-07 19:58:24,450 - INFO -   padding: 0
2025-04-07 19:58:24,450 - INFO -   dimension: 2
2025-04-07 19:58:24,451 - INFO -   latent_channels: 64
2025-04-07 19:58:24,451 - INFO -   loss_type: JAC
2025-04-07 19:58:24,452 - INFO -   train_eigen_count: 4
2025-04-07 19:58:24,452 - INFO -   reg_param: 0.1
2025-04-07 19:58:24,453 - INFO -   scale_factor: 10.0
2025-04-07 19:58:24,453 - INFO -   learning_rate: 0.0001
2025-04-07 19:58:24,454 - INFO -   weight_decay: 1e-05
2025-04-07 19:58:24,455 - INFO - [training_settings]
2025-04-07 19:58:24,455 - INFO -   accum_steps: 1
2025-04-07 19:58:24,456 - INFO -   num_epoch: 100
2025-04-07 19:58:24,457 - INFO -   num_train: 10
2025-04-07 19:58:24,457 - INFO -   num_test: 2
2025-04-07 19:58:24,458 - INFO -   shuffle_train: True
2025-04-07 19:58:24,458 - INFO -   shuffle_test: False
2025-04-07 19:58:24,459 - INFO -   enable_checkpointing: True
2025-04-07 19:58:24,459 - INFO -   log_checkpoint: False
2025-04-07 19:58:24,460 - INFO -   checkpoint_interval: 1
2025-04-07 19:58:24,460 - INFO -   save_top_k: 1
2025-04-07 19:58:24,461 - INFO - [visualization_settings]
2025-04-07 19:58:24,462 - INFO -   save_to_disk: False
2025-04-07 19:58:24,462 - INFO -   log_to_neptune: True
2025-04-07 19:58:24,463 - INFO -   num_plots: 2
2025-04-07 19:58:24,464 - INFO -   check_val_every_n_epoch: 1
2025-04-07 19:58:24,464 - INFO -   plot_interval: 1
2025-04-07 19:58:24,465 - INFO - [neptune]
2025-04-07 19:58:24,465 - INFO -   enabled: True
2025-04-07 19:58:24,466 - INFO -   project: slim-gatech/Jayjay
2025-04-07 20:00:54,101 - INFO - Starting training...
