2025-04-07 18:07:00,930 - INFO - Configuration:
2025-04-07 18:07:00,932 - INFO - [experiment]
2025-04-07 18:07:00,933 - INFO -   name: n=128_e=8_m=FNO_s=RFS_l=JAC
2025-04-07 18:07:00,933 - INFO -   log_dir: logs
2025-04-07 18:07:00,934 - INFO -   output_dir: output
2025-04-07 18:07:00,935 - INFO -   checkpoint_dir: checkpoints
2025-04-07 18:07:00,935 - INFO -   model_type: NS
2025-04-07 18:07:00,936 - INFO -   dataset_type: NS
2025-04-07 18:07:00,937 - INFO -   seed: 42
2025-04-07 18:07:00,938 - INFO -   debug: False
2025-04-07 18:07:00,938 - INFO -   tags: ['4 Eigenvectors', '2 samples', 'FNO', 'RFS', 'JAC']
2025-04-07 18:07:00,939 - INFO - [data_settings]
2025-04-07 18:07:00,940 - INFO -   nx: 128
2025-04-07 18:07:00,941 - INFO -   ny: 128
2025-04-07 18:07:00,942 - INFO -   batch_size: 1
2025-04-07 18:07:00,942 - INFO -   eigen_count: 8
2025-04-07 18:07:00,943 - INFO -   sample_directories: ['../datasets/dataset_NS_batch1', '../datasets/dataset_NS_batch2']
2025-04-07 18:07:00,944 - INFO - [model_settings]
2025-04-07 18:07:00,944 - INFO -   in_channels: 1
2025-04-07 18:07:00,945 - INFO -   out_channels: 1
2025-04-07 18:07:00,945 - INFO -   decoder_layer_size: 256
2025-04-07 18:07:00,946 - INFO -   num_fno_layers: 6
2025-04-07 18:07:00,946 - INFO -   num_fno_modes: [32, 32]
2025-04-07 18:07:00,947 - INFO -   padding: 0
2025-04-07 18:07:00,947 - INFO -   dimension: 2
2025-04-07 18:07:00,948 - INFO -   latent_channels: 64
2025-04-07 18:07:00,949 - INFO -   loss_type: JAC
2025-04-07 18:07:00,949 - INFO -   train_eigen_count: 4
2025-04-07 18:07:00,950 - INFO -   reg_param: 0.01
2025-04-07 18:07:00,951 - INFO -   scale_factor: 5500.0
2025-04-07 18:07:00,951 - INFO -   learning_rate: 0.0001
2025-04-07 18:07:00,952 - INFO -   weight_decay: 1e-05
2025-04-07 18:07:00,953 - INFO - [training_settings]
2025-04-07 18:07:00,953 - INFO -   accum_steps: 1
2025-04-07 18:07:00,954 - INFO -   num_epoch: 100
2025-04-07 18:07:00,955 - INFO -   num_train: 2
2025-04-07 18:07:00,955 - INFO -   num_test: 2
2025-04-07 18:07:00,956 - INFO -   shuffle_train: True
2025-04-07 18:07:00,956 - INFO -   shuffle_test: False
2025-04-07 18:07:00,957 - INFO -   enable_checkpointing: True
2025-04-07 18:07:00,958 - INFO -   log_checkpoint: False
2025-04-07 18:07:00,958 - INFO -   checkpoint_interval: 1
2025-04-07 18:07:00,959 - INFO -   save_top_k: 1
2025-04-07 18:07:00,959 - INFO - [visualization_settings]
2025-04-07 18:07:00,960 - INFO -   save_to_disk: False
2025-04-07 18:07:00,961 - INFO -   log_to_neptune: True
2025-04-07 18:07:00,962 - INFO -   num_plots: 2
2025-04-07 18:07:00,962 - INFO -   check_val_every_n_epoch: 1
2025-04-07 18:07:00,963 - INFO -   plot_interval: 1
2025-04-07 18:07:00,964 - INFO - [neptune]
2025-04-07 18:07:00,964 - INFO -   enabled: True
2025-04-07 18:07:00,965 - INFO -   project: slim-gatech/Jayjay
2025-04-07 18:07:10,151 - INFO - Starting training...
2025-04-07 19:37:17,239 - INFO - Best model saved at: /mnt/c/Users/D2A2/Documents/DeFINO_Richard/train/checkpoints/n=128_e=8_m=FNO_s=RFS_l=JAC_20250407_180700/n=128_e=8_m=FNO_s=RFS_l=JAC_epoch=055_val_rel_l2_loss=0.7194.ckpt
2025-04-07 19:37:18,208 - INFO - Training completed
