2025-04-07 13:30:06,352 - INFO - Configuration:
2025-04-07 13:30:06,353 - INFO - [experiment]
2025-04-07 13:30:06,354 - INFO -   name: NS_training
2025-04-07 13:30:06,354 - INFO -   log_dir: logs
2025-04-07 13:30:06,355 - INFO -   output_dir: output
2025-04-07 13:30:06,355 - INFO -   checkpoint_dir: checkpoints
2025-04-07 13:30:06,356 - INFO -   model_type: NS
2025-04-07 13:30:06,356 - INFO -   dataset_type: NS
2025-04-07 13:30:06,357 - INFO -   seed: 42
2025-04-07 13:30:06,357 - INFO -   debug: False
2025-04-07 13:30:06,358 - INFO -   tags: ['NS', 'JAC']
2025-04-07 13:30:06,358 - INFO - [data_settings]
2025-04-07 13:30:06,359 - INFO -   nx: 128
2025-04-07 13:30:06,360 - INFO -   ny: 128
2025-04-07 13:30:06,361 - INFO -   batch_size: 1
2025-04-07 13:30:06,361 - INFO -   eigen_count: 8
2025-04-07 13:30:06,361 - INFO -   sample_directories: ['/home/ubuntu/DeFINO/datasets/dataset_NS_batch1', '/home/ubuntu/DeFINO/datasets/dataset_NS_batch2']
2025-04-07 13:30:06,362 - INFO - [model_settings]
2025-04-07 13:30:06,363 - INFO -   in_channels: 1
2025-04-07 13:30:06,363 - INFO -   out_channels: 1
2025-04-07 13:30:06,364 - INFO -   decoder_layer_size: 256
2025-04-07 13:30:06,365 - INFO -   num_fno_layers: 6
2025-04-07 13:30:06,365 - INFO -   num_fno_modes: [32, 32]
2025-04-07 13:30:06,366 - INFO -   padding: 0
2025-04-07 13:30:06,366 - INFO -   dimension: 2
2025-04-07 13:30:06,367 - INFO -   latent_channels: 64
2025-04-07 13:30:06,367 - INFO -   loss_type: JAC
2025-04-07 13:30:06,368 - INFO -   train_eigen_count: 8
2025-04-07 13:30:06,369 - INFO -   reg_param: 0.5
2025-04-07 13:30:06,369 - INFO -   scale_factor: 5500.0
2025-04-07 13:30:06,370 - INFO -   learning_rate: 0.0001
2025-04-07 13:30:06,371 - INFO -   weight_decay: 1e-05
2025-04-07 13:30:06,371 - INFO - [training_settings]
2025-04-07 13:30:06,372 - INFO -   accum_steps: 1
2025-04-07 13:30:06,373 - INFO -   num_epoch: 100
2025-04-07 13:30:06,374 - INFO -   num_train: 128
2025-04-07 13:30:06,375 - INFO -   num_test: 10
2025-04-07 13:30:06,375 - INFO -   shuffle_train: False
2025-04-07 13:30:06,376 - INFO -   shuffle_test: False
2025-04-07 13:30:06,377 - INFO -   enable_checkpointing: True
2025-04-07 13:30:06,377 - INFO -   log_checkpoint: False
2025-04-07 13:30:06,378 - INFO -   checkpoint_interval: 1
2025-04-07 13:30:06,378 - INFO -   save_top_k: 1
2025-04-07 13:30:06,379 - INFO - [visualization_settings]
2025-04-07 13:30:06,379 - INFO -   save_to_disk: False
2025-04-07 13:30:06,380 - INFO -   log_to_neptune: True
2025-04-07 13:30:06,381 - INFO -   num_plots: 2
2025-04-07 13:30:06,381 - INFO -   check_val_every_n_epoch: 1
2025-04-07 13:30:06,382 - INFO -   plot_interval: 1
2025-04-07 13:30:06,382 - INFO - [neptune]
2025-04-07 13:30:06,383 - INFO -   enabled: True
2025-04-07 13:30:06,383 - INFO -   project: slim-gatech/Jayjay
