2025-04-07 15:03:50,673 - INFO - Configuration:
2025-04-07 15:03:50,675 - INFO - [experiment]
2025-04-07 15:03:50,676 - INFO -   name: n=128_e=8_m=FNO_s=RFS_l=JAC
2025-04-07 15:03:50,676 - INFO -   log_dir: logs
2025-04-07 15:03:50,677 - INFO -   output_dir: output
2025-04-07 15:03:50,677 - INFO -   checkpoint_dir: checkpoints
2025-04-07 15:03:50,678 - INFO -   model_type: NS
2025-04-07 15:03:50,679 - INFO -   dataset_type: NS
2025-04-07 15:03:50,679 - INFO -   seed: 42
2025-04-07 15:03:50,680 - INFO -   debug: False
2025-04-07 15:03:50,680 - INFO -   tags: ['4 Eigenvectors', '2 samples', 'FNO', 'RFS', 'JAC']
2025-04-07 15:03:50,681 - INFO - [data_settings]
2025-04-07 15:03:50,682 - INFO -   nx: 128
2025-04-07 15:03:50,683 - INFO -   ny: 128
2025-04-07 15:03:50,683 - INFO -   batch_size: 1
2025-04-07 15:03:50,684 - INFO -   eigen_count: 8
2025-04-07 15:03:50,684 - INFO -   sample_directories: ['../datasets/dataset_NS_batch1', '../datasets/dataset_NS_batch2']
2025-04-07 15:03:50,685 - INFO - [model_settings]
2025-04-07 15:03:50,686 - INFO -   in_channels: 1
2025-04-07 15:03:50,686 - INFO -   out_channels: 1
2025-04-07 15:03:50,687 - INFO -   decoder_layer_size: 256
2025-04-07 15:03:50,687 - INFO -   num_fno_layers: 6
2025-04-07 15:03:50,688 - INFO -   num_fno_modes: [32, 32]
2025-04-07 15:03:50,688 - INFO -   padding: 0
2025-04-07 15:03:50,689 - INFO -   dimension: 2
2025-04-07 15:03:50,690 - INFO -   latent_channels: 64
2025-04-07 15:03:50,690 - INFO -   loss_type: JAC
2025-04-07 15:03:50,691 - INFO -   train_eigen_count: 4
2025-04-07 15:03:50,692 - INFO -   reg_param: 0.01
2025-04-07 15:03:50,692 - INFO -   scale_factor: 5500.0
2025-04-07 15:03:50,693 - INFO -   learning_rate: 0.0001
2025-04-07 15:03:50,693 - INFO -   weight_decay: 1e-05
2025-04-07 15:03:50,694 - INFO - [training_settings]
2025-04-07 15:03:50,694 - INFO -   accum_steps: 1
2025-04-07 15:03:50,695 - INFO -   num_epoch: 100
2025-04-07 15:03:50,695 - INFO -   num_train: 2
2025-04-07 15:03:50,696 - INFO -   num_test: 2
2025-04-07 15:03:50,696 - INFO -   shuffle_train: True
2025-04-07 15:03:50,697 - INFO -   shuffle_test: False
2025-04-07 15:03:50,697 - INFO -   enable_checkpointing: True
2025-04-07 15:03:50,698 - INFO -   log_checkpoint: False
2025-04-07 15:03:50,698 - INFO -   checkpoint_interval: 1
2025-04-07 15:03:50,699 - INFO -   save_top_k: 1
2025-04-07 15:03:50,700 - INFO - [visualization_settings]
2025-04-07 15:03:50,700 - INFO -   save_to_disk: False
2025-04-07 15:03:50,701 - INFO -   log_to_neptune: True
2025-04-07 15:03:50,702 - INFO -   num_plots: 2
2025-04-07 15:03:50,702 - INFO -   check_val_every_n_epoch: 1
2025-04-07 15:03:50,703 - INFO -   plot_interval: 1
2025-04-07 15:03:50,703 - INFO - [neptune]
2025-04-07 15:03:50,704 - INFO -   enabled: True
2025-04-07 15:03:50,704 - INFO -   project: slim-gatech/Jayjay
2025-04-07 15:04:00,123 - INFO - Starting training...
2025-04-07 15:04:15,731 - WARNING - Clipping input data to the valid range for imshow with RGB data ([0..1] for floats or [0..255] for integers). Got range [-0.02095711..0.023649048].
2025-04-07 15:04:15,878 - WARNING - Clipping input data to the valid range for imshow with RGB data ([0..1] for floats or [0..255] for integers). Got range [-0.6467512..0.42454535].
2025-04-07 15:04:16,929 - WARNING - Clipping input data to the valid range for imshow with RGB data ([0..1] for floats or [0..255] for integers). Got range [-0.025091397..0.018795386].
2025-04-07 15:04:17,046 - WARNING - Clipping input data to the valid range for imshow with RGB data ([0..1] for floats or [0..255] for integers). Got range [-0.78346425..0.8155918].
2025-04-07 15:05:01,532 - WARNING - Clipping input data to the valid range for imshow with RGB data ([0..1] for floats or [0..255] for integers). Got range [-0.02095711..0.023649048].
2025-04-07 15:05:01,683 - WARNING - Clipping input data to the valid range for imshow with RGB data ([0..1] for floats or [0..255] for integers). Got range [-0.6467512..0.42454535].
2025-04-07 15:05:02,640 - WARNING - Clipping input data to the valid range for imshow with RGB data ([0..1] for floats or [0..255] for integers). Got range [-0.025091397..0.018795386].
2025-04-07 15:05:02,773 - WARNING - Clipping input data to the valid range for imshow with RGB data ([0..1] for floats or [0..255] for integers). Got range [-0.78346425..0.8155918].
2025-04-07 15:05:46,380 - WARNING - Clipping input data to the valid range for imshow with RGB data ([0..1] for floats or [0..255] for integers). Got range [-0.025091397..0.018795386].
2025-04-07 15:05:46,539 - WARNING - Clipping input data to the valid range for imshow with RGB data ([0..1] for floats or [0..255] for integers). Got range [-0.78346425..0.8155918].
2025-04-07 15:05:47,328 - WARNING - Clipping input data to the valid range for imshow with RGB data ([0..1] for floats or [0..255] for integers). Got range [-0.02095711..0.023649048].
2025-04-07 15:05:47,455 - WARNING - Clipping input data to the valid range for imshow with RGB data ([0..1] for floats or [0..255] for integers). Got range [-0.6467512..0.42454535].
2025-04-07 15:06:08,503 - WARNING - Clipping input data to the valid range for imshow with RGB data ([0..1] for floats or [0..255] for integers). Got range [-0.02095711..0.023649048].
2025-04-07 15:06:08,685 - WARNING - Clipping input data to the valid range for imshow with RGB data ([0..1] for floats or [0..255] for integers). Got range [-0.6467512..0.42454535].
2025-04-07 15:06:09,565 - WARNING - Clipping input data to the valid range for imshow with RGB data ([0..1] for floats or [0..255] for integers). Got range [-0.025091397..0.018795386].
2025-04-07 15:06:09,669 - WARNING - Clipping input data to the valid range for imshow with RGB data ([0..1] for floats or [0..255] for integers). Got range [-0.78346425..0.8155918].
2025-04-07 15:06:30,811 - WARNING - Clipping input data to the valid range for imshow with RGB data ([0..1] for floats or [0..255] for integers). Got range [-0.025091397..0.018795386].
2025-04-07 15:06:30,976 - WARNING - Clipping input data to the valid range for imshow with RGB data ([0..1] for floats or [0..255] for integers). Got range [-0.78346425..0.8155918].
2025-04-07 15:06:31,977 - WARNING - Clipping input data to the valid range for imshow with RGB data ([0..1] for floats or [0..255] for integers). Got range [-0.02095711..0.023649048].
2025-04-07 15:06:32,103 - WARNING - Clipping input data to the valid range for imshow with RGB data ([0..1] for floats or [0..255] for integers). Got range [-0.6467512..0.42454535].
2025-04-07 15:07:13,192 - WARNING - Clipping input data to the valid range for imshow with RGB data ([0..1] for floats or [0..255] for integers). Got range [-0.025091397..0.018795386].
2025-04-07 15:07:13,398 - WARNING - Clipping input data to the valid range for imshow with RGB data ([0..1] for floats or [0..255] for integers). Got range [-0.78346425..0.8155918].
2025-04-07 15:07:14,171 - WARNING - Clipping input data to the valid range for imshow with RGB data ([0..1] for floats or [0..255] for integers). Got range [-0.02095711..0.023649048].
2025-04-07 15:07:14,290 - WARNING - Clipping input data to the valid range for imshow with RGB data ([0..1] for floats or [0..255] for integers). Got range [-0.6467512..0.42454535].
2025-04-07 15:07:59,018 - WARNING - Clipping input data to the valid range for imshow with RGB data ([0..1] for floats or [0..255] for integers). Got range [-0.02095711..0.023649048].
2025-04-07 15:07:59,129 - WARNING - Clipping input data to the valid range for imshow with RGB data ([0..1] for floats or [0..255] for integers). Got range [-0.6467512..0.42454535].
2025-04-07 15:07:59,861 - WARNING - Clipping input data to the valid range for imshow with RGB data ([0..1] for floats or [0..255] for integers). Got range [-0.025091397..0.018795386].
2025-04-07 15:07:59,989 - WARNING - Clipping input data to the valid range for imshow with RGB data ([0..1] for floats or [0..255] for integers). Got range [-0.78346425..0.8155918].
2025-04-07 15:08:39,470 - WARNING - Clipping input data to the valid range for imshow with RGB data ([0..1] for floats or [0..255] for integers). Got range [-0.02095711..0.023649048].
2025-04-07 15:08:39,600 - WARNING - Clipping input data to the valid range for imshow with RGB data ([0..1] for floats or [0..255] for integers). Got range [-0.6467512..0.42454535].
2025-04-07 15:08:40,547 - WARNING - Clipping input data to the valid range for imshow with RGB data ([0..1] for floats or [0..255] for integers). Got range [-0.025091397..0.018795386].
2025-04-07 15:08:40,744 - WARNING - Clipping input data to the valid range for imshow with RGB data ([0..1] for floats or [0..255] for integers). Got range [-0.78346425..0.8155918].
2025-04-07 15:09:02,385 - WARNING - Clipping input data to the valid range for imshow with RGB data ([0..1] for floats or [0..255] for integers). Got range [-0.025091397..0.018795386].
2025-04-07 15:09:02,530 - WARNING - Clipping input data to the valid range for imshow with RGB data ([0..1] for floats or [0..255] for integers). Got range [-0.78346425..0.8155918].
2025-04-07 15:09:03,478 - WARNING - Clipping input data to the valid range for imshow with RGB data ([0..1] for floats or [0..255] for integers). Got range [-0.02095711..0.023649048].
2025-04-07 15:09:03,594 - WARNING - Clipping input data to the valid range for imshow with RGB data ([0..1] for floats or [0..255] for integers). Got range [-0.6467512..0.42454535].
2025-04-07 15:09:43,490 - WARNING - Clipping input data to the valid range for imshow with RGB data ([0..1] for floats or [0..255] for integers). Got range [-0.02095711..0.023649048].
2025-04-07 15:09:43,621 - WARNING - Clipping input data to the valid range for imshow with RGB data ([0..1] for floats or [0..255] for integers). Got range [-0.6467512..0.42454535].
2025-04-07 15:09:44,564 - WARNING - Clipping input data to the valid range for imshow with RGB data ([0..1] for floats or [0..255] for integers). Got range [-0.025091397..0.018795386].
2025-04-07 15:09:44,702 - WARNING - Clipping input data to the valid range for imshow with RGB data ([0..1] for floats or [0..255] for integers). Got range [-0.78346425..0.8155918].
2025-04-07 15:10:25,372 - WARNING - Clipping input data to the valid range for imshow with RGB data ([0..1] for floats or [0..255] for integers). Got range [-0.025091397..0.018795386].
2025-04-07 15:10:25,488 - WARNING - Clipping input data to the valid range for imshow with RGB data ([0..1] for floats or [0..255] for integers). Got range [-0.78346425..0.8155918].
2025-04-07 15:10:26,271 - WARNING - Clipping input data to the valid range for imshow with RGB data ([0..1] for floats or [0..255] for integers). Got range [-0.02095711..0.023649048].
2025-04-07 15:10:26,396 - WARNING - Clipping input data to the valid range for imshow with RGB data ([0..1] for floats or [0..255] for integers). Got range [-0.6467512..0.42454535].
2025-04-07 15:11:10,466 - WARNING - Clipping input data to the valid range for imshow with RGB data ([0..1] for floats or [0..255] for integers). Got range [-0.025091397..0.018795386].
2025-04-07 15:11:10,597 - WARNING - Clipping input data to the valid range for imshow with RGB data ([0..1] for floats or [0..255] for integers). Got range [-0.78346425..0.8155918].
2025-04-07 15:11:11,544 - WARNING - Clipping input data to the valid range for imshow with RGB data ([0..1] for floats or [0..255] for integers). Got range [-0.02095711..0.023649048].
2025-04-07 15:11:11,650 - WARNING - Clipping input data to the valid range for imshow with RGB data ([0..1] for floats or [0..255] for integers). Got range [-0.6467512..0.42454535].
2025-04-07 15:11:51,191 - WARNING - Clipping input data to the valid range for imshow with RGB data ([0..1] for floats or [0..255] for integers). Got range [-0.02095711..0.023649048].
2025-04-07 15:11:51,320 - WARNING - Clipping input data to the valid range for imshow with RGB data ([0..1] for floats or [0..255] for integers). Got range [-0.6467512..0.42454535].
2025-04-07 15:11:52,270 - WARNING - Clipping input data to the valid range for imshow with RGB data ([0..1] for floats or [0..255] for integers). Got range [-0.025091397..0.018795386].
2025-04-07 15:11:52,382 - WARNING - Clipping input data to the valid range for imshow with RGB data ([0..1] for floats or [0..255] for integers). Got range [-0.78346425..0.8155918].
2025-04-07 15:12:32,317 - WARNING - Clipping input data to the valid range for imshow with RGB data ([0..1] for floats or [0..255] for integers). Got range [-0.02095711..0.023649048].
2025-04-07 15:12:32,436 - WARNING - Clipping input data to the valid range for imshow with RGB data ([0..1] for floats or [0..255] for integers). Got range [-0.6467512..0.42454535].
2025-04-07 15:12:33,147 - WARNING - Clipping input data to the valid range for imshow with RGB data ([0..1] for floats or [0..255] for integers). Got range [-0.025091397..0.018795386].
2025-04-07 15:12:33,279 - WARNING - Clipping input data to the valid range for imshow with RGB data ([0..1] for floats or [0..255] for integers). Got range [-0.78346425..0.8155918].
2025-04-07 15:13:17,291 - WARNING - Clipping input data to the valid range for imshow with RGB data ([0..1] for floats or [0..255] for integers). Got range [-0.02095711..0.023649048].
2025-04-07 15:13:17,451 - WARNING - Clipping input data to the valid range for imshow with RGB data ([0..1] for floats or [0..255] for integers). Got range [-0.6467512..0.42454535].
2025-04-07 15:13:18,211 - WARNING - Clipping input data to the valid range for imshow with RGB data ([0..1] for floats or [0..255] for integers). Got range [-0.025091397..0.018795386].
2025-04-07 15:13:18,325 - WARNING - Clipping input data to the valid range for imshow with RGB data ([0..1] for floats or [0..255] for integers). Got range [-0.78346425..0.8155918].
2025-04-07 15:13:58,860 - WARNING - Clipping input data to the valid range for imshow with RGB data ([0..1] for floats or [0..255] for integers). Got range [-0.02095711..0.023649048].
2025-04-07 15:13:59,010 - WARNING - Clipping input data to the valid range for imshow with RGB data ([0..1] for floats or [0..255] for integers). Got range [-0.6467512..0.42454535].
2025-04-07 15:13:59,780 - WARNING - Clipping input data to the valid range for imshow with RGB data ([0..1] for floats or [0..255] for integers). Got range [-0.025091397..0.018795386].
2025-04-07 15:13:59,910 - WARNING - Clipping input data to the valid range for imshow with RGB data ([0..1] for floats or [0..255] for integers). Got range [-0.78346425..0.8155918].
2025-04-07 15:14:45,597 - WARNING - Clipping input data to the valid range for imshow with RGB data ([0..1] for floats or [0..255] for integers). Got range [-0.025091397..0.018795386].
2025-04-07 15:14:45,733 - WARNING - Clipping input data to the valid range for imshow with RGB data ([0..1] for floats or [0..255] for integers). Got range [-0.78346425..0.8155918].
2025-04-07 15:14:46,646 - WARNING - Clipping input data to the valid range for imshow with RGB data ([0..1] for floats or [0..255] for integers). Got range [-0.02095711..0.023649048].
2025-04-07 15:14:46,743 - WARNING - Clipping input data to the valid range for imshow with RGB data ([0..1] for floats or [0..255] for integers). Got range [-0.6467512..0.42454535].
2025-04-07 15:15:27,238 - WARNING - Clipping input data to the valid range for imshow with RGB data ([0..1] for floats or [0..255] for integers). Got range [-0.02095711..0.023649048].
2025-04-07 15:15:27,387 - WARNING - Clipping input data to the valid range for imshow with RGB data ([0..1] for floats or [0..255] for integers). Got range [-0.6467512..0.42454535].
2025-04-07 15:15:28,232 - WARNING - Clipping input data to the valid range for imshow with RGB data ([0..1] for floats or [0..255] for integers). Got range [-0.025091397..0.018795386].
2025-04-07 15:15:28,363 - WARNING - Clipping input data to the valid range for imshow with RGB data ([0..1] for floats or [0..255] for integers). Got range [-0.78346425..0.8155918].
2025-04-07 15:16:11,641 - WARNING - Clipping input data to the valid range for imshow with RGB data ([0..1] for floats or [0..255] for integers). Got range [-0.025091397..0.018795386].
2025-04-07 15:16:11,839 - WARNING - Clipping input data to the valid range for imshow with RGB data ([0..1] for floats or [0..255] for integers). Got range [-0.78346425..0.8155918].
2025-04-07 15:16:12,607 - WARNING - Clipping input data to the valid range for imshow with RGB data ([0..1] for floats or [0..255] for integers). Got range [-0.02095711..0.023649048].
2025-04-07 15:16:12,716 - WARNING - Clipping input data to the valid range for imshow with RGB data ([0..1] for floats or [0..255] for integers). Got range [-0.6467512..0.42454535].
2025-04-07 15:16:57,861 - WARNING - Clipping input data to the valid range for imshow with RGB data ([0..1] for floats or [0..255] for integers). Got range [-0.02095711..0.023649048].
2025-04-07 15:16:58,030 - WARNING - Clipping input data to the valid range for imshow with RGB data ([0..1] for floats or [0..255] for integers). Got range [-0.6467512..0.42454535].
2025-04-07 15:16:58,803 - WARNING - Clipping input data to the valid range for imshow with RGB data ([0..1] for floats or [0..255] for integers). Got range [-0.025091397..0.018795386].
2025-04-07 15:16:58,928 - WARNING - Clipping input data to the valid range for imshow with RGB data ([0..1] for floats or [0..255] for integers). Got range [-0.78346425..0.8155918].
2025-04-07 15:17:43,770 - WARNING - Clipping input data to the valid range for imshow with RGB data ([0..1] for floats or [0..255] for integers). Got range [-0.02095711..0.023649048].
2025-04-07 15:17:43,909 - WARNING - Clipping input data to the valid range for imshow with RGB data ([0..1] for floats or [0..255] for integers). Got range [-0.6467512..0.42454535].
2025-04-07 15:17:44,610 - WARNING - Clipping input data to the valid range for imshow with RGB data ([0..1] for floats or [0..255] for integers). Got range [-0.025091397..0.018795386].
2025-04-07 15:17:44,724 - WARNING - Clipping input data to the valid range for imshow with RGB data ([0..1] for floats or [0..255] for integers). Got range [-0.78346425..0.8155918].
2025-04-07 15:18:29,852 - WARNING - Clipping input data to the valid range for imshow with RGB data ([0..1] for floats or [0..255] for integers). Got range [-0.025091397..0.018795386].
2025-04-07 15:18:30,005 - WARNING - Clipping input data to the valid range for imshow with RGB data ([0..1] for floats or [0..255] for integers). Got range [-0.78346425..0.8155918].
2025-04-07 15:18:30,962 - WARNING - Clipping input data to the valid range for imshow with RGB data ([0..1] for floats or [0..255] for integers). Got range [-0.02095711..0.023649048].
2025-04-07 15:18:31,068 - WARNING - Clipping input data to the valid range for imshow with RGB data ([0..1] for floats or [0..255] for integers). Got range [-0.6467512..0.42454535].
2025-04-07 15:19:12,870 - WARNING - Clipping input data to the valid range for imshow with RGB data ([0..1] for floats or [0..255] for integers). Got range [-0.025091397..0.018795386].
2025-04-07 15:19:13,026 - WARNING - Clipping input data to the valid range for imshow with RGB data ([0..1] for floats or [0..255] for integers). Got range [-0.78346425..0.8155918].
2025-04-07 15:19:13,943 - WARNING - Clipping input data to the valid range for imshow with RGB data ([0..1] for floats or [0..255] for integers). Got range [-0.02095711..0.023649048].
2025-04-07 15:19:14,042 - WARNING - Clipping input data to the valid range for imshow with RGB data ([0..1] for floats or [0..255] for integers). Got range [-0.6467512..0.42454535].
2025-04-07 15:19:57,701 - WARNING - Clipping input data to the valid range for imshow with RGB data ([0..1] for floats or [0..255] for integers). Got range [-0.02095711..0.023649048].
2025-04-07 15:19:57,862 - WARNING - Clipping input data to the valid range for imshow with RGB data ([0..1] for floats or [0..255] for integers). Got range [-0.6467512..0.42454535].
2025-04-07 15:19:58,738 - WARNING - Clipping input data to the valid range for imshow with RGB data ([0..1] for floats or [0..255] for integers). Got range [-0.025091397..0.018795386].
2025-04-07 15:19:58,870 - WARNING - Clipping input data to the valid range for imshow with RGB data ([0..1] for floats or [0..255] for integers). Got range [-0.78346425..0.8155918].
2025-04-07 15:20:42,183 - WARNING - Clipping input data to the valid range for imshow with RGB data ([0..1] for floats or [0..255] for integers). Got range [-0.025091397..0.018795386].
2025-04-07 15:20:42,333 - WARNING - Clipping input data to the valid range for imshow with RGB data ([0..1] for floats or [0..255] for integers). Got range [-0.78346425..0.8155918].
2025-04-07 15:20:43,054 - WARNING - Clipping input data to the valid range for imshow with RGB data ([0..1] for floats or [0..255] for integers). Got range [-0.02095711..0.023649048].
2025-04-07 15:20:43,204 - WARNING - Clipping input data to the valid range for imshow with RGB data ([0..1] for floats or [0..255] for integers). Got range [-0.6467512..0.42454535].
2025-04-07 15:21:27,417 - WARNING - Clipping input data to the valid range for imshow with RGB data ([0..1] for floats or [0..255] for integers). Got range [-0.02095711..0.023649048].
2025-04-07 15:21:27,546 - WARNING - Clipping input data to the valid range for imshow with RGB data ([0..1] for floats or [0..255] for integers). Got range [-0.6467512..0.42454535].
2025-04-07 15:21:28,508 - WARNING - Clipping input data to the valid range for imshow with RGB data ([0..1] for floats or [0..255] for integers). Got range [-0.025091397..0.018795386].
2025-04-07 15:21:28,630 - WARNING - Clipping input data to the valid range for imshow with RGB data ([0..1] for floats or [0..255] for integers). Got range [-0.78346425..0.8155918].
2025-04-07 15:22:13,124 - WARNING - Clipping input data to the valid range for imshow with RGB data ([0..1] for floats or [0..255] for integers). Got range [-0.025091397..0.018795386].
2025-04-07 15:22:13,351 - WARNING - Clipping input data to the valid range for imshow with RGB data ([0..1] for floats or [0..255] for integers). Got range [-0.78346425..0.8155918].
2025-04-07 15:22:14,064 - WARNING - Clipping input data to the valid range for imshow with RGB data ([0..1] for floats or [0..255] for integers). Got range [-0.02095711..0.023649048].
2025-04-07 15:22:14,186 - WARNING - Clipping input data to the valid range for imshow with RGB data ([0..1] for floats or [0..255] for integers). Got range [-0.6467512..0.42454535].
2025-04-07 15:22:59,872 - WARNING - Clipping input data to the valid range for imshow with RGB data ([0..1] for floats or [0..255] for integers). Got range [-0.02095711..0.023649048].
2025-04-07 15:22:59,995 - WARNING - Clipping input data to the valid range for imshow with RGB data ([0..1] for floats or [0..255] for integers). Got range [-0.6467512..0.42454535].
2025-04-07 15:23:00,909 - WARNING - Clipping input data to the valid range for imshow with RGB data ([0..1] for floats or [0..255] for integers). Got range [-0.025091397..0.018795386].
2025-04-07 15:23:01,051 - WARNING - Clipping input data to the valid range for imshow with RGB data ([0..1] for floats or [0..255] for integers). Got range [-0.78346425..0.8155918].
2025-04-07 15:23:47,058 - WARNING - Clipping input data to the valid range for imshow with RGB data ([0..1] for floats or [0..255] for integers). Got range [-0.025091397..0.018795386].
2025-04-07 15:23:47,255 - WARNING - Clipping input data to the valid range for imshow with RGB data ([0..1] for floats or [0..255] for integers). Got range [-0.78346425..0.8155918].
2025-04-07 15:23:48,260 - WARNING - Clipping input data to the valid range for imshow with RGB data ([0..1] for floats or [0..255] for integers). Got range [-0.02095711..0.023649048].
2025-04-07 15:23:48,423 - WARNING - Clipping input data to the valid range for imshow with RGB data ([0..1] for floats or [0..255] for integers). Got range [-0.6467512..0.42454535].
2025-04-07 15:24:31,405 - WARNING - Clipping input data to the valid range for imshow with RGB data ([0..1] for floats or [0..255] for integers). Got range [-0.025091397..0.018795386].
2025-04-07 15:24:31,544 - WARNING - Clipping input data to the valid range for imshow with RGB data ([0..1] for floats or [0..255] for integers). Got range [-0.78346425..0.8155918].
2025-04-07 15:24:32,458 - WARNING - Clipping input data to the valid range for imshow with RGB data ([0..1] for floats or [0..255] for integers). Got range [-0.02095711..0.023649048].
2025-04-07 15:24:32,551 - WARNING - Clipping input data to the valid range for imshow with RGB data ([0..1] for floats or [0..255] for integers). Got range [-0.6467512..0.42454535].
2025-04-07 15:25:18,373 - WARNING - Clipping input data to the valid range for imshow with RGB data ([0..1] for floats or [0..255] for integers). Got range [-0.025091397..0.018795386].
2025-04-07 15:25:18,571 - WARNING - Clipping input data to the valid range for imshow with RGB data ([0..1] for floats or [0..255] for integers). Got range [-0.78346425..0.8155918].
2025-04-07 15:25:19,453 - WARNING - Clipping input data to the valid range for imshow with RGB data ([0..1] for floats or [0..255] for integers). Got range [-0.02095711..0.023649048].
2025-04-07 15:25:19,546 - WARNING - Clipping input data to the valid range for imshow with RGB data ([0..1] for floats or [0..255] for integers). Got range [-0.6467512..0.42454535].
2025-04-07 15:26:03,884 - WARNING - Clipping input data to the valid range for imshow with RGB data ([0..1] for floats or [0..255] for integers). Got range [-0.025091397..0.018795386].
2025-04-07 15:26:04,019 - WARNING - Clipping input data to the valid range for imshow with RGB data ([0..1] for floats or [0..255] for integers). Got range [-0.78346425..0.8155918].
2025-04-07 15:26:04,805 - WARNING - Clipping input data to the valid range for imshow with RGB data ([0..1] for floats or [0..255] for integers). Got range [-0.02095711..0.023649048].
2025-04-07 15:26:04,928 - WARNING - Clipping input data to the valid range for imshow with RGB data ([0..1] for floats or [0..255] for integers). Got range [-0.6467512..0.42454535].
2025-04-07 15:26:51,021 - WARNING - Clipping input data to the valid range for imshow with RGB data ([0..1] for floats or [0..255] for integers). Got range [-0.02095711..0.023649048].
2025-04-07 15:26:51,144 - WARNING - Clipping input data to the valid range for imshow with RGB data ([0..1] for floats or [0..255] for integers). Got range [-0.6467512..0.42454535].
2025-04-07 15:26:51,867 - WARNING - Clipping input data to the valid range for imshow with RGB data ([0..1] for floats or [0..255] for integers). Got range [-0.025091397..0.018795386].
2025-04-07 15:26:51,984 - WARNING - Clipping input data to the valid range for imshow with RGB data ([0..1] for floats or [0..255] for integers). Got range [-0.78346425..0.8155918].
2025-04-07 15:27:35,522 - WARNING - Clipping input data to the valid range for imshow with RGB data ([0..1] for floats or [0..255] for integers). Got range [-0.02095711..0.023649048].
2025-04-07 15:27:35,697 - WARNING - Clipping input data to the valid range for imshow with RGB data ([0..1] for floats or [0..255] for integers). Got range [-0.6467512..0.42454535].
2025-04-07 15:27:36,618 - WARNING - Clipping input data to the valid range for imshow with RGB data ([0..1] for floats or [0..255] for integers). Got range [-0.025091397..0.018795386].
2025-04-07 15:27:36,735 - WARNING - Clipping input data to the valid range for imshow with RGB data ([0..1] for floats or [0..255] for integers). Got range [-0.78346425..0.8155918].
2025-04-07 15:28:21,072 - WARNING - Clipping input data to the valid range for imshow with RGB data ([0..1] for floats or [0..255] for integers). Got range [-0.025091397..0.018795386].
2025-04-07 15:28:21,208 - WARNING - Clipping input data to the valid range for imshow with RGB data ([0..1] for floats or [0..255] for integers). Got range [-0.78346425..0.8155918].
2025-04-07 15:28:22,227 - WARNING - Clipping input data to the valid range for imshow with RGB data ([0..1] for floats or [0..255] for integers). Got range [-0.02095711..0.023649048].
2025-04-07 15:28:22,358 - WARNING - Clipping input data to the valid range for imshow with RGB data ([0..1] for floats or [0..255] for integers). Got range [-0.6467512..0.42454535].
2025-04-07 15:29:07,912 - WARNING - Clipping input data to the valid range for imshow with RGB data ([0..1] for floats or [0..255] for integers). Got range [-0.02095711..0.023649048].
2025-04-07 15:29:08,085 - WARNING - Clipping input data to the valid range for imshow with RGB data ([0..1] for floats or [0..255] for integers). Got range [-0.6467512..0.42454535].
2025-04-07 15:29:08,992 - WARNING - Clipping input data to the valid range for imshow with RGB data ([0..1] for floats or [0..255] for integers). Got range [-0.025091397..0.018795386].
2025-04-07 15:29:09,104 - WARNING - Clipping input data to the valid range for imshow with RGB data ([0..1] for floats or [0..255] for integers). Got range [-0.78346425..0.8155918].
2025-04-07 15:29:50,904 - WARNING - Clipping input data to the valid range for imshow with RGB data ([0..1] for floats or [0..255] for integers). Got range [-0.025091397..0.018795386].
2025-04-07 15:29:51,033 - WARNING - Clipping input data to the valid range for imshow with RGB data ([0..1] for floats or [0..255] for integers). Got range [-0.78346425..0.8155918].
2025-04-07 15:29:52,002 - WARNING - Clipping input data to the valid range for imshow with RGB data ([0..1] for floats or [0..255] for integers). Got range [-0.02095711..0.023649048].
2025-04-07 15:29:52,139 - WARNING - Clipping input data to the valid range for imshow with RGB data ([0..1] for floats or [0..255] for integers). Got range [-0.6467512..0.42454535].
2025-04-07 15:30:37,611 - WARNING - Clipping input data to the valid range for imshow with RGB data ([0..1] for floats or [0..255] for integers). Got range [-0.025091397..0.018795386].
2025-04-07 15:30:37,757 - WARNING - Clipping input data to the valid range for imshow with RGB data ([0..1] for floats or [0..255] for integers). Got range [-0.78346425..0.8155918].
2025-04-07 15:30:38,502 - WARNING - Clipping input data to the valid range for imshow with RGB data ([0..1] for floats or [0..255] for integers). Got range [-0.02095711..0.023649048].
2025-04-07 15:30:38,629 - WARNING - Clipping input data to the valid range for imshow with RGB data ([0..1] for floats or [0..255] for integers). Got range [-0.6467512..0.42454535].
2025-04-07 15:31:25,729 - WARNING - Clipping input data to the valid range for imshow with RGB data ([0..1] for floats or [0..255] for integers). Got range [-0.02095711..0.023649048].
2025-04-07 15:31:25,859 - WARNING - Clipping input data to the valid range for imshow with RGB data ([0..1] for floats or [0..255] for integers). Got range [-0.6467512..0.42454535].
2025-04-07 15:31:26,789 - WARNING - Clipping input data to the valid range for imshow with RGB data ([0..1] for floats or [0..255] for integers). Got range [-0.025091397..0.018795386].
2025-04-07 15:31:26,941 - WARNING - Clipping input data to the valid range for imshow with RGB data ([0..1] for floats or [0..255] for integers). Got range [-0.78346425..0.8155918].
2025-04-07 15:32:08,076 - WARNING - Clipping input data to the valid range for imshow with RGB data ([0..1] for floats or [0..255] for integers). Got range [-0.02095711..0.023649048].
2025-04-07 15:32:08,189 - WARNING - Clipping input data to the valid range for imshow with RGB data ([0..1] for floats or [0..255] for integers). Got range [-0.6467512..0.42454535].
2025-04-07 15:32:08,882 - WARNING - Clipping input data to the valid range for imshow with RGB data ([0..1] for floats or [0..255] for integers). Got range [-0.025091397..0.018795386].
2025-04-07 15:32:08,978 - WARNING - Clipping input data to the valid range for imshow with RGB data ([0..1] for floats or [0..255] for integers). Got range [-0.78346425..0.8155918].
2025-04-07 15:32:53,396 - WARNING - Clipping input data to the valid range for imshow with RGB data ([0..1] for floats or [0..255] for integers). Got range [-0.02095711..0.023649048].
2025-04-07 15:32:53,509 - WARNING - Clipping input data to the valid range for imshow with RGB data ([0..1] for floats or [0..255] for integers). Got range [-0.6467512..0.42454535].
2025-04-07 15:32:54,175 - WARNING - Clipping input data to the valid range for imshow with RGB data ([0..1] for floats or [0..255] for integers). Got range [-0.025091397..0.018795386].
2025-04-07 15:32:54,280 - WARNING - Clipping input data to the valid range for imshow with RGB data ([0..1] for floats or [0..255] for integers). Got range [-0.78346425..0.8155918].
2025-04-07 15:33:33,781 - WARNING - Clipping input data to the valid range for imshow with RGB data ([0..1] for floats or [0..255] for integers). Got range [-0.025091397..0.018795386].
2025-04-07 15:33:33,903 - WARNING - Clipping input data to the valid range for imshow with RGB data ([0..1] for floats or [0..255] for integers). Got range [-0.78346425..0.8155918].
2025-04-07 15:33:34,710 - WARNING - Clipping input data to the valid range for imshow with RGB data ([0..1] for floats or [0..255] for integers). Got range [-0.02095711..0.023649048].
2025-04-07 15:33:34,809 - WARNING - Clipping input data to the valid range for imshow with RGB data ([0..1] for floats or [0..255] for integers). Got range [-0.6467512..0.42454535].
2025-04-07 15:34:14,665 - WARNING - Clipping input data to the valid range for imshow with RGB data ([0..1] for floats or [0..255] for integers). Got range [-0.025091397..0.018795386].
2025-04-07 15:34:14,810 - WARNING - Clipping input data to the valid range for imshow with RGB data ([0..1] for floats or [0..255] for integers). Got range [-0.78346425..0.8155918].
2025-04-07 15:34:15,639 - WARNING - Clipping input data to the valid range for imshow with RGB data ([0..1] for floats or [0..255] for integers). Got range [-0.02095711..0.023649048].
2025-04-07 15:34:15,748 - WARNING - Clipping input data to the valid range for imshow with RGB data ([0..1] for floats or [0..255] for integers). Got range [-0.6467512..0.42454535].
2025-04-07 15:34:58,123 - WARNING - Clipping input data to the valid range for imshow with RGB data ([0..1] for floats or [0..255] for integers). Got range [-0.02095711..0.023649048].
2025-04-07 15:34:58,268 - WARNING - Clipping input data to the valid range for imshow with RGB data ([0..1] for floats or [0..255] for integers). Got range [-0.6467512..0.42454535].
2025-04-07 15:34:59,039 - WARNING - Clipping input data to the valid range for imshow with RGB data ([0..1] for floats or [0..255] for integers). Got range [-0.025091397..0.018795386].
2025-04-07 15:34:59,150 - WARNING - Clipping input data to the valid range for imshow with RGB data ([0..1] for floats or [0..255] for integers). Got range [-0.78346425..0.8155918].
2025-04-07 15:35:20,845 - WARNING - Clipping input data to the valid range for imshow with RGB data ([0..1] for floats or [0..255] for integers). Got range [-0.025091397..0.018795386].
2025-04-07 15:35:20,997 - WARNING - Clipping input data to the valid range for imshow with RGB data ([0..1] for floats or [0..255] for integers). Got range [-0.78346425..0.8155918].
2025-04-07 15:35:22,058 - WARNING - Clipping input data to the valid range for imshow with RGB data ([0..1] for floats or [0..255] for integers). Got range [-0.02095711..0.023649048].
2025-04-07 15:35:22,169 - WARNING - Clipping input data to the valid range for imshow with RGB data ([0..1] for floats or [0..255] for integers). Got range [-0.6467512..0.42454535].
2025-04-07 15:35:43,759 - WARNING - Clipping input data to the valid range for imshow with RGB data ([0..1] for floats or [0..255] for integers). Got range [-0.025091397..0.018795386].
2025-04-07 15:35:43,950 - WARNING - Clipping input data to the valid range for imshow with RGB data ([0..1] for floats or [0..255] for integers). Got range [-0.78346425..0.8155918].
2025-04-07 15:35:44,857 - WARNING - Clipping input data to the valid range for imshow with RGB data ([0..1] for floats or [0..255] for integers). Got range [-0.02095711..0.023649048].
2025-04-07 15:35:44,984 - WARNING - Clipping input data to the valid range for imshow with RGB data ([0..1] for floats or [0..255] for integers). Got range [-0.6467512..0.42454535].
2025-04-07 15:36:07,281 - WARNING - Clipping input data to the valid range for imshow with RGB data ([0..1] for floats or [0..255] for integers). Got range [-0.02095711..0.023649048].
2025-04-07 15:36:07,460 - WARNING - Clipping input data to the valid range for imshow with RGB data ([0..1] for floats or [0..255] for integers). Got range [-0.6467512..0.42454535].
2025-04-07 15:36:08,464 - WARNING - Clipping input data to the valid range for imshow with RGB data ([0..1] for floats or [0..255] for integers). Got range [-0.025091397..0.018795386].
2025-04-07 15:36:08,577 - WARNING - Clipping input data to the valid range for imshow with RGB data ([0..1] for floats or [0..255] for integers). Got range [-0.78346425..0.8155918].
2025-04-07 15:36:30,615 - WARNING - Clipping input data to the valid range for imshow with RGB data ([0..1] for floats or [0..255] for integers). Got range [-0.025091397..0.018795386].
2025-04-07 15:36:30,757 - WARNING - Clipping input data to the valid range for imshow with RGB data ([0..1] for floats or [0..255] for integers). Got range [-0.78346425..0.8155918].
2025-04-07 15:36:31,518 - WARNING - Clipping input data to the valid range for imshow with RGB data ([0..1] for floats or [0..255] for integers). Got range [-0.02095711..0.023649048].
2025-04-07 15:36:31,633 - WARNING - Clipping input data to the valid range for imshow with RGB data ([0..1] for floats or [0..255] for integers). Got range [-0.6467512..0.42454535].
2025-04-07 15:36:53,500 - WARNING - Clipping input data to the valid range for imshow with RGB data ([0..1] for floats or [0..255] for integers). Got range [-0.02095711..0.023649048].
2025-04-07 15:36:53,725 - WARNING - Clipping input data to the valid range for imshow with RGB data ([0..1] for floats or [0..255] for integers). Got range [-0.6467512..0.42454535].
2025-04-07 15:36:54,542 - WARNING - Clipping input data to the valid range for imshow with RGB data ([0..1] for floats or [0..255] for integers). Got range [-0.025091397..0.018795386].
2025-04-07 15:36:54,689 - WARNING - Clipping input data to the valid range for imshow with RGB data ([0..1] for floats or [0..255] for integers). Got range [-0.78346425..0.8155918].
2025-04-07 15:37:16,943 - WARNING - Clipping input data to the valid range for imshow with RGB data ([0..1] for floats or [0..255] for integers). Got range [-0.02095711..0.023649048].
2025-04-07 15:37:17,118 - WARNING - Clipping input data to the valid range for imshow with RGB data ([0..1] for floats or [0..255] for integers). Got range [-0.6467512..0.42454535].
2025-04-07 15:37:18,029 - WARNING - Clipping input data to the valid range for imshow with RGB data ([0..1] for floats or [0..255] for integers). Got range [-0.025091397..0.018795386].
2025-04-07 15:37:18,149 - WARNING - Clipping input data to the valid range for imshow with RGB data ([0..1] for floats or [0..255] for integers). Got range [-0.78346425..0.8155918].
2025-04-07 15:37:40,297 - WARNING - Clipping input data to the valid range for imshow with RGB data ([0..1] for floats or [0..255] for integers). Got range [-0.025091397..0.018795386].
2025-04-07 15:37:40,476 - WARNING - Clipping input data to the valid range for imshow with RGB data ([0..1] for floats or [0..255] for integers). Got range [-0.78346425..0.8155918].
2025-04-07 15:37:41,464 - WARNING - Clipping input data to the valid range for imshow with RGB data ([0..1] for floats or [0..255] for integers). Got range [-0.02095711..0.023649048].
2025-04-07 15:37:41,576 - WARNING - Clipping input data to the valid range for imshow with RGB data ([0..1] for floats or [0..255] for integers). Got range [-0.6467512..0.42454535].
2025-04-07 15:38:04,098 - WARNING - Clipping input data to the valid range for imshow with RGB data ([0..1] for floats or [0..255] for integers). Got range [-0.025091397..0.018795386].
2025-04-07 15:38:04,331 - WARNING - Clipping input data to the valid range for imshow with RGB data ([0..1] for floats or [0..255] for integers). Got range [-0.78346425..0.8155918].
2025-04-07 15:38:05,246 - WARNING - Clipping input data to the valid range for imshow with RGB data ([0..1] for floats or [0..255] for integers). Got range [-0.02095711..0.023649048].
2025-04-07 15:38:05,380 - WARNING - Clipping input data to the valid range for imshow with RGB data ([0..1] for floats or [0..255] for integers). Got range [-0.6467512..0.42454535].
2025-04-07 15:38:27,207 - WARNING - Clipping input data to the valid range for imshow with RGB data ([0..1] for floats or [0..255] for integers). Got range [-0.02095711..0.023649048].
2025-04-07 15:38:27,400 - WARNING - Clipping input data to the valid range for imshow with RGB data ([0..1] for floats or [0..255] for integers). Got range [-0.6467512..0.42454535].
2025-04-07 15:38:28,407 - WARNING - Clipping input data to the valid range for imshow with RGB data ([0..1] for floats or [0..255] for integers). Got range [-0.025091397..0.018795386].
2025-04-07 15:38:28,537 - WARNING - Clipping input data to the valid range for imshow with RGB data ([0..1] for floats or [0..255] for integers). Got range [-0.78346425..0.8155918].
2025-04-07 15:38:50,233 - WARNING - Clipping input data to the valid range for imshow with RGB data ([0..1] for floats or [0..255] for integers). Got range [-0.02095711..0.023649048].
2025-04-07 15:38:50,378 - WARNING - Clipping input data to the valid range for imshow with RGB data ([0..1] for floats or [0..255] for integers). Got range [-0.6467512..0.42454535].
2025-04-07 15:38:51,271 - WARNING - Clipping input data to the valid range for imshow with RGB data ([0..1] for floats or [0..255] for integers). Got range [-0.025091397..0.018795386].
2025-04-07 15:38:51,398 - WARNING - Clipping input data to the valid range for imshow with RGB data ([0..1] for floats or [0..255] for integers). Got range [-0.78346425..0.8155918].
2025-04-07 15:39:13,930 - WARNING - Clipping input data to the valid range for imshow with RGB data ([0..1] for floats or [0..255] for integers). Got range [-0.025091397..0.018795386].
2025-04-07 15:39:14,088 - WARNING - Clipping input data to the valid range for imshow with RGB data ([0..1] for floats or [0..255] for integers). Got range [-0.78346425..0.8155918].
2025-04-07 15:39:15,031 - WARNING - Clipping input data to the valid range for imshow with RGB data ([0..1] for floats or [0..255] for integers). Got range [-0.02095711..0.023649048].
2025-04-07 15:39:15,172 - WARNING - Clipping input data to the valid range for imshow with RGB data ([0..1] for floats or [0..255] for integers). Got range [-0.6467512..0.42454535].
2025-04-07 15:39:36,742 - WARNING - Clipping input data to the valid range for imshow with RGB data ([0..1] for floats or [0..255] for integers). Got range [-0.025091397..0.018795386].
2025-04-07 15:39:36,888 - WARNING - Clipping input data to the valid range for imshow with RGB data ([0..1] for floats or [0..255] for integers). Got range [-0.78346425..0.8155918].
2025-04-07 15:39:37,834 - WARNING - Clipping input data to the valid range for imshow with RGB data ([0..1] for floats or [0..255] for integers). Got range [-0.02095711..0.023649048].
2025-04-07 15:39:37,977 - WARNING - Clipping input data to the valid range for imshow with RGB data ([0..1] for floats or [0..255] for integers). Got range [-0.6467512..0.42454535].
2025-04-07 15:40:00,353 - WARNING - Clipping input data to the valid range for imshow with RGB data ([0..1] for floats or [0..255] for integers). Got range [-0.02095711..0.023649048].
2025-04-07 15:40:00,500 - WARNING - Clipping input data to the valid range for imshow with RGB data ([0..1] for floats or [0..255] for integers). Got range [-0.6467512..0.42454535].
2025-04-07 15:40:01,439 - WARNING - Clipping input data to the valid range for imshow with RGB data ([0..1] for floats or [0..255] for integers). Got range [-0.025091397..0.018795386].
2025-04-07 15:40:01,584 - WARNING - Clipping input data to the valid range for imshow with RGB data ([0..1] for floats or [0..255] for integers). Got range [-0.78346425..0.8155918].
2025-04-07 15:40:23,186 - WARNING - Clipping input data to the valid range for imshow with RGB data ([0..1] for floats or [0..255] for integers). Got range [-0.025091397..0.018795386].
2025-04-07 15:40:23,317 - WARNING - Clipping input data to the valid range for imshow with RGB data ([0..1] for floats or [0..255] for integers). Got range [-0.78346425..0.8155918].
2025-04-07 15:40:24,232 - WARNING - Clipping input data to the valid range for imshow with RGB data ([0..1] for floats or [0..255] for integers). Got range [-0.02095711..0.023649048].
2025-04-07 15:40:24,384 - WARNING - Clipping input data to the valid range for imshow with RGB data ([0..1] for floats or [0..255] for integers). Got range [-0.6467512..0.42454535].
2025-04-07 15:40:46,199 - WARNING - Clipping input data to the valid range for imshow with RGB data ([0..1] for floats or [0..255] for integers). Got range [-0.025091397..0.018795386].
2025-04-07 15:40:46,389 - WARNING - Clipping input data to the valid range for imshow with RGB data ([0..1] for floats or [0..255] for integers). Got range [-0.78346425..0.8155918].
2025-04-07 15:40:47,391 - WARNING - Clipping input data to the valid range for imshow with RGB data ([0..1] for floats or [0..255] for integers). Got range [-0.02095711..0.023649048].
2025-04-07 15:40:47,539 - WARNING - Clipping input data to the valid range for imshow with RGB data ([0..1] for floats or [0..255] for integers). Got range [-0.6467512..0.42454535].
2025-04-07 15:41:09,411 - WARNING - Clipping input data to the valid range for imshow with RGB data ([0..1] for floats or [0..255] for integers). Got range [-0.025091397..0.018795386].
2025-04-07 15:41:09,569 - WARNING - Clipping input data to the valid range for imshow with RGB data ([0..1] for floats or [0..255] for integers). Got range [-0.78346425..0.8155918].
2025-04-07 15:41:10,571 - WARNING - Clipping input data to the valid range for imshow with RGB data ([0..1] for floats or [0..255] for integers). Got range [-0.02095711..0.023649048].
2025-04-07 15:41:10,701 - WARNING - Clipping input data to the valid range for imshow with RGB data ([0..1] for floats or [0..255] for integers). Got range [-0.6467512..0.42454535].
2025-04-07 15:41:33,015 - WARNING - Clipping input data to the valid range for imshow with RGB data ([0..1] for floats or [0..255] for integers). Got range [-0.02095711..0.023649048].
2025-04-07 15:41:33,155 - WARNING - Clipping input data to the valid range for imshow with RGB data ([0..1] for floats or [0..255] for integers). Got range [-0.6467512..0.42454535].
2025-04-07 15:41:34,176 - WARNING - Clipping input data to the valid range for imshow with RGB data ([0..1] for floats or [0..255] for integers). Got range [-0.025091397..0.018795386].
2025-04-07 15:41:34,296 - WARNING - Clipping input data to the valid range for imshow with RGB data ([0..1] for floats or [0..255] for integers). Got range [-0.78346425..0.8155918].
2025-04-07 15:41:55,949 - WARNING - Clipping input data to the valid range for imshow with RGB data ([0..1] for floats or [0..255] for integers). Got range [-0.025091397..0.018795386].
2025-04-07 15:41:56,099 - WARNING - Clipping input data to the valid range for imshow with RGB data ([0..1] for floats or [0..255] for integers). Got range [-0.78346425..0.8155918].
2025-04-07 15:41:56,992 - WARNING - Clipping input data to the valid range for imshow with RGB data ([0..1] for floats or [0..255] for integers). Got range [-0.02095711..0.023649048].
2025-04-07 15:41:57,132 - WARNING - Clipping input data to the valid range for imshow with RGB data ([0..1] for floats or [0..255] for integers). Got range [-0.6467512..0.42454535].
2025-04-07 15:42:18,816 - WARNING - Clipping input data to the valid range for imshow with RGB data ([0..1] for floats or [0..255] for integers). Got range [-0.025091397..0.018795386].
2025-04-07 15:42:18,988 - WARNING - Clipping input data to the valid range for imshow with RGB data ([0..1] for floats or [0..255] for integers). Got range [-0.78346425..0.8155918].
2025-04-07 15:42:19,949 - WARNING - Clipping input data to the valid range for imshow with RGB data ([0..1] for floats or [0..255] for integers). Got range [-0.02095711..0.023649048].
2025-04-07 15:42:20,059 - WARNING - Clipping input data to the valid range for imshow with RGB data ([0..1] for floats or [0..255] for integers). Got range [-0.6467512..0.42454535].
2025-04-07 15:42:41,572 - WARNING - Clipping input data to the valid range for imshow with RGB data ([0..1] for floats or [0..255] for integers). Got range [-0.025091397..0.018795386].
2025-04-07 15:42:41,779 - WARNING - Clipping input data to the valid range for imshow with RGB data ([0..1] for floats or [0..255] for integers). Got range [-0.78346425..0.8155918].
2025-04-07 15:42:42,723 - WARNING - Clipping input data to the valid range for imshow with RGB data ([0..1] for floats or [0..255] for integers). Got range [-0.02095711..0.023649048].
2025-04-07 15:42:42,823 - WARNING - Clipping input data to the valid range for imshow with RGB data ([0..1] for floats or [0..255] for integers). Got range [-0.6467512..0.42454535].
2025-04-07 15:43:05,078 - WARNING - Clipping input data to the valid range for imshow with RGB data ([0..1] for floats or [0..255] for integers). Got range [-0.02095711..0.023649048].
2025-04-07 15:43:05,252 - WARNING - Clipping input data to the valid range for imshow with RGB data ([0..1] for floats or [0..255] for integers). Got range [-0.6467512..0.42454535].
2025-04-07 15:43:06,185 - WARNING - Clipping input data to the valid range for imshow with RGB data ([0..1] for floats or [0..255] for integers). Got range [-0.025091397..0.018795386].
2025-04-07 15:43:06,298 - WARNING - Clipping input data to the valid range for imshow with RGB data ([0..1] for floats or [0..255] for integers). Got range [-0.78346425..0.8155918].
2025-04-07 15:43:28,606 - WARNING - Clipping input data to the valid range for imshow with RGB data ([0..1] for floats or [0..255] for integers). Got range [-0.025091397..0.018795386].
2025-04-07 15:43:28,759 - WARNING - Clipping input data to the valid range for imshow with RGB data ([0..1] for floats or [0..255] for integers). Got range [-0.78346425..0.8155918].
2025-04-07 15:43:29,738 - WARNING - Clipping input data to the valid range for imshow with RGB data ([0..1] for floats or [0..255] for integers). Got range [-0.02095711..0.023649048].
2025-04-07 15:43:29,873 - WARNING - Clipping input data to the valid range for imshow with RGB data ([0..1] for floats or [0..255] for integers). Got range [-0.6467512..0.42454535].
2025-04-07 15:43:52,859 - WARNING - Clipping input data to the valid range for imshow with RGB data ([0..1] for floats or [0..255] for integers). Got range [-0.02095711..0.023649048].
2025-04-07 15:43:52,985 - WARNING - Clipping input data to the valid range for imshow with RGB data ([0..1] for floats or [0..255] for integers). Got range [-0.6467512..0.42454535].
2025-04-07 15:43:53,955 - WARNING - Clipping input data to the valid range for imshow with RGB data ([0..1] for floats or [0..255] for integers). Got range [-0.025091397..0.018795386].
2025-04-07 15:43:54,143 - WARNING - Clipping input data to the valid range for imshow with RGB data ([0..1] for floats or [0..255] for integers). Got range [-0.78346425..0.8155918].
2025-04-07 15:44:15,889 - WARNING - Clipping input data to the valid range for imshow with RGB data ([0..1] for floats or [0..255] for integers). Got range [-0.02095711..0.023649048].
2025-04-07 15:44:16,062 - WARNING - Clipping input data to the valid range for imshow with RGB data ([0..1] for floats or [0..255] for integers). Got range [-0.6467512..0.42454535].
2025-04-07 15:44:16,967 - WARNING - Clipping input data to the valid range for imshow with RGB data ([0..1] for floats or [0..255] for integers). Got range [-0.025091397..0.018795386].
2025-04-07 15:44:17,072 - WARNING - Clipping input data to the valid range for imshow with RGB data ([0..1] for floats or [0..255] for integers). Got range [-0.78346425..0.8155918].
2025-04-07 15:44:38,757 - WARNING - Clipping input data to the valid range for imshow with RGB data ([0..1] for floats or [0..255] for integers). Got range [-0.02095711..0.023649048].
2025-04-07 15:44:38,913 - WARNING - Clipping input data to the valid range for imshow with RGB data ([0..1] for floats or [0..255] for integers). Got range [-0.6467512..0.42454535].
2025-04-07 15:44:39,918 - WARNING - Clipping input data to the valid range for imshow with RGB data ([0..1] for floats or [0..255] for integers). Got range [-0.025091397..0.018795386].
2025-04-07 15:44:40,058 - WARNING - Clipping input data to the valid range for imshow with RGB data ([0..1] for floats or [0..255] for integers). Got range [-0.78346425..0.8155918].
2025-04-07 15:45:04,130 - WARNING - Clipping input data to the valid range for imshow with RGB data ([0..1] for floats or [0..255] for integers). Got range [-0.02095711..0.023649048].
2025-04-07 15:45:04,324 - WARNING - Clipping input data to the valid range for imshow with RGB data ([0..1] for floats or [0..255] for integers). Got range [-0.6467512..0.42454535].
2025-04-07 15:45:05,336 - WARNING - Clipping input data to the valid range for imshow with RGB data ([0..1] for floats or [0..255] for integers). Got range [-0.025091397..0.018795386].
2025-04-07 15:45:05,469 - WARNING - Clipping input data to the valid range for imshow with RGB data ([0..1] for floats or [0..255] for integers). Got range [-0.78346425..0.8155918].
2025-04-07 15:45:27,336 - WARNING - Clipping input data to the valid range for imshow with RGB data ([0..1] for floats or [0..255] for integers). Got range [-0.025091397..0.018795386].
2025-04-07 15:45:27,510 - WARNING - Clipping input data to the valid range for imshow with RGB data ([0..1] for floats or [0..255] for integers). Got range [-0.78346425..0.8155918].
2025-04-07 15:45:28,513 - WARNING - Clipping input data to the valid range for imshow with RGB data ([0..1] for floats or [0..255] for integers). Got range [-0.02095711..0.023649048].
2025-04-07 15:45:28,640 - WARNING - Clipping input data to the valid range for imshow with RGB data ([0..1] for floats or [0..255] for integers). Got range [-0.6467512..0.42454535].
2025-04-07 15:45:51,450 - WARNING - Clipping input data to the valid range for imshow with RGB data ([0..1] for floats or [0..255] for integers). Got range [-0.02095711..0.023649048].
2025-04-07 15:45:51,577 - WARNING - Clipping input data to the valid range for imshow with RGB data ([0..1] for floats or [0..255] for integers). Got range [-0.6467512..0.42454535].
2025-04-07 15:45:52,520 - WARNING - Clipping input data to the valid range for imshow with RGB data ([0..1] for floats or [0..255] for integers). Got range [-0.025091397..0.018795386].
2025-04-07 15:45:52,682 - WARNING - Clipping input data to the valid range for imshow with RGB data ([0..1] for floats or [0..255] for integers). Got range [-0.78346425..0.8155918].
2025-04-07 15:46:14,674 - WARNING - Clipping input data to the valid range for imshow with RGB data ([0..1] for floats or [0..255] for integers). Got range [-0.02095711..0.023649048].
2025-04-07 15:46:14,804 - WARNING - Clipping input data to the valid range for imshow with RGB data ([0..1] for floats or [0..255] for integers). Got range [-0.6467512..0.42454535].
2025-04-07 15:46:15,694 - WARNING - Clipping input data to the valid range for imshow with RGB data ([0..1] for floats or [0..255] for integers). Got range [-0.025091397..0.018795386].
2025-04-07 15:46:15,833 - WARNING - Clipping input data to the valid range for imshow with RGB data ([0..1] for floats or [0..255] for integers). Got range [-0.78346425..0.8155918].
2025-04-07 15:46:37,735 - WARNING - Clipping input data to the valid range for imshow with RGB data ([0..1] for floats or [0..255] for integers). Got range [-0.025091397..0.018795386].
2025-04-07 15:46:37,883 - WARNING - Clipping input data to the valid range for imshow with RGB data ([0..1] for floats or [0..255] for integers). Got range [-0.78346425..0.8155918].
2025-04-07 15:46:38,912 - WARNING - Clipping input data to the valid range for imshow with RGB data ([0..1] for floats or [0..255] for integers). Got range [-0.02095711..0.023649048].
2025-04-07 15:46:39,054 - WARNING - Clipping input data to the valid range for imshow with RGB data ([0..1] for floats or [0..255] for integers). Got range [-0.6467512..0.42454535].
2025-04-07 15:47:00,870 - WARNING - Clipping input data to the valid range for imshow with RGB data ([0..1] for floats or [0..255] for integers). Got range [-0.025091397..0.018795386].
2025-04-07 15:47:01,030 - WARNING - Clipping input data to the valid range for imshow with RGB data ([0..1] for floats or [0..255] for integers). Got range [-0.78346425..0.8155918].
2025-04-07 15:47:01,911 - WARNING - Clipping input data to the valid range for imshow with RGB data ([0..1] for floats or [0..255] for integers). Got range [-0.02095711..0.023649048].
2025-04-07 15:47:02,010 - WARNING - Clipping input data to the valid range for imshow with RGB data ([0..1] for floats or [0..255] for integers). Got range [-0.6467512..0.42454535].
2025-04-07 15:47:24,620 - WARNING - Clipping input data to the valid range for imshow with RGB data ([0..1] for floats or [0..255] for integers). Got range [-0.025091397..0.018795386].
2025-04-07 15:47:24,778 - WARNING - Clipping input data to the valid range for imshow with RGB data ([0..1] for floats or [0..255] for integers). Got range [-0.78346425..0.8155918].
2025-04-07 15:47:25,718 - WARNING - Clipping input data to the valid range for imshow with RGB data ([0..1] for floats or [0..255] for integers). Got range [-0.02095711..0.023649048].
2025-04-07 15:47:25,845 - WARNING - Clipping input data to the valid range for imshow with RGB data ([0..1] for floats or [0..255] for integers). Got range [-0.6467512..0.42454535].
2025-04-07 15:47:47,354 - WARNING - Clipping input data to the valid range for imshow with RGB data ([0..1] for floats or [0..255] for integers). Got range [-0.02095711..0.023649048].
2025-04-07 15:47:47,608 - WARNING - Clipping input data to the valid range for imshow with RGB data ([0..1] for floats or [0..255] for integers). Got range [-0.6467512..0.42454535].
2025-04-07 15:47:48,603 - WARNING - Clipping input data to the valid range for imshow with RGB data ([0..1] for floats or [0..255] for integers). Got range [-0.025091397..0.018795386].
2025-04-07 15:47:48,760 - WARNING - Clipping input data to the valid range for imshow with RGB data ([0..1] for floats or [0..255] for integers). Got range [-0.78346425..0.8155918].
2025-04-07 15:48:11,352 - WARNING - Clipping input data to the valid range for imshow with RGB data ([0..1] for floats or [0..255] for integers). Got range [-0.02095711..0.023649048].
2025-04-07 15:48:11,525 - WARNING - Clipping input data to the valid range for imshow with RGB data ([0..1] for floats or [0..255] for integers). Got range [-0.6467512..0.42454535].
2025-04-07 15:48:12,487 - WARNING - Clipping input data to the valid range for imshow with RGB data ([0..1] for floats or [0..255] for integers). Got range [-0.025091397..0.018795386].
2025-04-07 15:48:12,595 - WARNING - Clipping input data to the valid range for imshow with RGB data ([0..1] for floats or [0..255] for integers). Got range [-0.78346425..0.8155918].
2025-04-07 15:48:35,099 - WARNING - Clipping input data to the valid range for imshow with RGB data ([0..1] for floats or [0..255] for integers). Got range [-0.02095711..0.023649048].
2025-04-07 15:48:35,222 - WARNING - Clipping input data to the valid range for imshow with RGB data ([0..1] for floats or [0..255] for integers). Got range [-0.6467512..0.42454535].
2025-04-07 15:48:36,089 - WARNING - Clipping input data to the valid range for imshow with RGB data ([0..1] for floats or [0..255] for integers). Got range [-0.025091397..0.018795386].
2025-04-07 15:48:36,230 - WARNING - Clipping input data to the valid range for imshow with RGB data ([0..1] for floats or [0..255] for integers). Got range [-0.78346425..0.8155918].
2025-04-07 15:48:58,824 - WARNING - Clipping input data to the valid range for imshow with RGB data ([0..1] for floats or [0..255] for integers). Got range [-0.02095711..0.023649048].
2025-04-07 15:48:58,973 - WARNING - Clipping input data to the valid range for imshow with RGB data ([0..1] for floats or [0..255] for integers). Got range [-0.6467512..0.42454535].
2025-04-07 15:48:59,882 - WARNING - Clipping input data to the valid range for imshow with RGB data ([0..1] for floats or [0..255] for integers). Got range [-0.025091397..0.018795386].
2025-04-07 15:48:59,996 - WARNING - Clipping input data to the valid range for imshow with RGB data ([0..1] for floats or [0..255] for integers). Got range [-0.78346425..0.8155918].
2025-04-07 15:49:21,712 - WARNING - Clipping input data to the valid range for imshow with RGB data ([0..1] for floats or [0..255] for integers). Got range [-0.02095711..0.023649048].
2025-04-07 15:49:21,876 - WARNING - Clipping input data to the valid range for imshow with RGB data ([0..1] for floats or [0..255] for integers). Got range [-0.6467512..0.42454535].
2025-04-07 15:49:22,837 - WARNING - Clipping input data to the valid range for imshow with RGB data ([0..1] for floats or [0..255] for integers). Got range [-0.025091397..0.018795386].
2025-04-07 15:49:22,999 - WARNING - Clipping input data to the valid range for imshow with RGB data ([0..1] for floats or [0..255] for integers). Got range [-0.78346425..0.8155918].
2025-04-07 15:49:45,149 - WARNING - Clipping input data to the valid range for imshow with RGB data ([0..1] for floats or [0..255] for integers). Got range [-0.025091397..0.018795386].
2025-04-07 15:49:45,337 - WARNING - Clipping input data to the valid range for imshow with RGB data ([0..1] for floats or [0..255] for integers). Got range [-0.78346425..0.8155918].
2025-04-07 15:49:46,247 - WARNING - Clipping input data to the valid range for imshow with RGB data ([0..1] for floats or [0..255] for integers). Got range [-0.02095711..0.023649048].
2025-04-07 15:49:46,397 - WARNING - Clipping input data to the valid range for imshow with RGB data ([0..1] for floats or [0..255] for integers). Got range [-0.6467512..0.42454535].
2025-04-07 15:50:09,157 - WARNING - Clipping input data to the valid range for imshow with RGB data ([0..1] for floats or [0..255] for integers). Got range [-0.02095711..0.023649048].
2025-04-07 15:50:09,311 - WARNING - Clipping input data to the valid range for imshow with RGB data ([0..1] for floats or [0..255] for integers). Got range [-0.6467512..0.42454535].
2025-04-07 15:50:10,255 - WARNING - Clipping input data to the valid range for imshow with RGB data ([0..1] for floats or [0..255] for integers). Got range [-0.025091397..0.018795386].
2025-04-07 15:50:10,369 - WARNING - Clipping input data to the valid range for imshow with RGB data ([0..1] for floats or [0..255] for integers). Got range [-0.78346425..0.8155918].
2025-04-07 15:50:32,376 - WARNING - Clipping input data to the valid range for imshow with RGB data ([0..1] for floats or [0..255] for integers). Got range [-0.025091397..0.018795386].
2025-04-07 15:50:32,535 - WARNING - Clipping input data to the valid range for imshow with RGB data ([0..1] for floats or [0..255] for integers). Got range [-0.78346425..0.8155918].
2025-04-07 15:50:33,453 - WARNING - Clipping input data to the valid range for imshow with RGB data ([0..1] for floats or [0..255] for integers). Got range [-0.02095711..0.023649048].
2025-04-07 15:50:33,586 - WARNING - Clipping input data to the valid range for imshow with RGB data ([0..1] for floats or [0..255] for integers). Got range [-0.6467512..0.42454535].
2025-04-07 15:50:55,872 - WARNING - Clipping input data to the valid range for imshow with RGB data ([0..1] for floats or [0..255] for integers). Got range [-0.02095711..0.023649048].
2025-04-07 15:50:56,038 - WARNING - Clipping input data to the valid range for imshow with RGB data ([0..1] for floats or [0..255] for integers). Got range [-0.6467512..0.42454535].
2025-04-07 15:50:56,838 - WARNING - Clipping input data to the valid range for imshow with RGB data ([0..1] for floats or [0..255] for integers). Got range [-0.025091397..0.018795386].
2025-04-07 15:50:56,945 - WARNING - Clipping input data to the valid range for imshow with RGB data ([0..1] for floats or [0..255] for integers). Got range [-0.78346425..0.8155918].
2025-04-07 15:51:19,644 - WARNING - Clipping input data to the valid range for imshow with RGB data ([0..1] for floats or [0..255] for integers). Got range [-0.025091397..0.018795386].
2025-04-07 15:51:19,819 - WARNING - Clipping input data to the valid range for imshow with RGB data ([0..1] for floats or [0..255] for integers). Got range [-0.78346425..0.8155918].
2025-04-07 15:51:20,766 - WARNING - Clipping input data to the valid range for imshow with RGB data ([0..1] for floats or [0..255] for integers). Got range [-0.02095711..0.023649048].
2025-04-07 15:51:20,882 - WARNING - Clipping input data to the valid range for imshow with RGB data ([0..1] for floats or [0..255] for integers). Got range [-0.6467512..0.42454535].
2025-04-07 15:51:42,768 - WARNING - Clipping input data to the valid range for imshow with RGB data ([0..1] for floats or [0..255] for integers). Got range [-0.025091397..0.018795386].
2025-04-07 15:51:42,912 - WARNING - Clipping input data to the valid range for imshow with RGB data ([0..1] for floats or [0..255] for integers). Got range [-0.78346425..0.8155918].
2025-04-07 15:51:43,791 - WARNING - Clipping input data to the valid range for imshow with RGB data ([0..1] for floats or [0..255] for integers). Got range [-0.02095711..0.023649048].
2025-04-07 15:51:43,902 - WARNING - Clipping input data to the valid range for imshow with RGB data ([0..1] for floats or [0..255] for integers). Got range [-0.6467512..0.42454535].
2025-04-07 15:52:05,401 - WARNING - Clipping input data to the valid range for imshow with RGB data ([0..1] for floats or [0..255] for integers). Got range [-0.02095711..0.023649048].
2025-04-07 15:52:05,557 - WARNING - Clipping input data to the valid range for imshow with RGB data ([0..1] for floats or [0..255] for integers). Got range [-0.6467512..0.42454535].
2025-04-07 15:52:06,399 - WARNING - Clipping input data to the valid range for imshow with RGB data ([0..1] for floats or [0..255] for integers). Got range [-0.025091397..0.018795386].
2025-04-07 15:52:06,536 - WARNING - Clipping input data to the valid range for imshow with RGB data ([0..1] for floats or [0..255] for integers). Got range [-0.78346425..0.8155918].
2025-04-07 15:52:28,282 - WARNING - Clipping input data to the valid range for imshow with RGB data ([0..1] for floats or [0..255] for integers). Got range [-0.02095711..0.023649048].
2025-04-07 15:52:28,471 - WARNING - Clipping input data to the valid range for imshow with RGB data ([0..1] for floats or [0..255] for integers). Got range [-0.6467512..0.42454535].
2025-04-07 15:52:29,381 - WARNING - Clipping input data to the valid range for imshow with RGB data ([0..1] for floats or [0..255] for integers). Got range [-0.025091397..0.018795386].
2025-04-07 15:52:29,518 - WARNING - Clipping input data to the valid range for imshow with RGB data ([0..1] for floats or [0..255] for integers). Got range [-0.78346425..0.8155918].
2025-04-07 15:52:51,992 - WARNING - Clipping input data to the valid range for imshow with RGB data ([0..1] for floats or [0..255] for integers). Got range [-0.025091397..0.018795386].
2025-04-07 15:52:52,172 - WARNING - Clipping input data to the valid range for imshow with RGB data ([0..1] for floats or [0..255] for integers). Got range [-0.78346425..0.8155918].
2025-04-07 15:52:53,168 - WARNING - Clipping input data to the valid range for imshow with RGB data ([0..1] for floats or [0..255] for integers). Got range [-0.02095711..0.023649048].
2025-04-07 15:52:53,274 - WARNING - Clipping input data to the valid range for imshow with RGB data ([0..1] for floats or [0..255] for integers). Got range [-0.6467512..0.42454535].
2025-04-07 15:53:15,738 - WARNING - Clipping input data to the valid range for imshow with RGB data ([0..1] for floats or [0..255] for integers). Got range [-0.02095711..0.023649048].
2025-04-07 15:53:15,870 - WARNING - Clipping input data to the valid range for imshow with RGB data ([0..1] for floats or [0..255] for integers). Got range [-0.6467512..0.42454535].
2025-04-07 15:53:16,786 - WARNING - Clipping input data to the valid range for imshow with RGB data ([0..1] for floats or [0..255] for integers). Got range [-0.025091397..0.018795386].
2025-04-07 15:53:16,900 - WARNING - Clipping input data to the valid range for imshow with RGB data ([0..1] for floats or [0..255] for integers). Got range [-0.78346425..0.8155918].
2025-04-07 15:53:38,337 - WARNING - Clipping input data to the valid range for imshow with RGB data ([0..1] for floats or [0..255] for integers). Got range [-0.02095711..0.023649048].
2025-04-07 15:53:38,482 - WARNING - Clipping input data to the valid range for imshow with RGB data ([0..1] for floats or [0..255] for integers). Got range [-0.6467512..0.42454535].
2025-04-07 15:53:39,350 - WARNING - Clipping input data to the valid range for imshow with RGB data ([0..1] for floats or [0..255] for integers). Got range [-0.025091397..0.018795386].
2025-04-07 15:53:39,470 - WARNING - Clipping input data to the valid range for imshow with RGB data ([0..1] for floats or [0..255] for integers). Got range [-0.78346425..0.8155918].
2025-04-07 15:54:02,026 - WARNING - Clipping input data to the valid range for imshow with RGB data ([0..1] for floats or [0..255] for integers). Got range [-0.02095711..0.023649048].
2025-04-07 15:54:02,192 - WARNING - Clipping input data to the valid range for imshow with RGB data ([0..1] for floats or [0..255] for integers). Got range [-0.6467512..0.42454535].
2025-04-07 15:54:03,160 - WARNING - Clipping input data to the valid range for imshow with RGB data ([0..1] for floats or [0..255] for integers). Got range [-0.025091397..0.018795386].
2025-04-07 15:54:03,305 - WARNING - Clipping input data to the valid range for imshow with RGB data ([0..1] for floats or [0..255] for integers). Got range [-0.78346425..0.8155918].
2025-04-07 15:54:25,576 - WARNING - Clipping input data to the valid range for imshow with RGB data ([0..1] for floats or [0..255] for integers). Got range [-0.02095711..0.023649048].
2025-04-07 15:54:25,755 - WARNING - Clipping input data to the valid range for imshow with RGB data ([0..1] for floats or [0..255] for integers). Got range [-0.6467512..0.42454535].
2025-04-07 15:54:26,741 - WARNING - Clipping input data to the valid range for imshow with RGB data ([0..1] for floats or [0..255] for integers). Got range [-0.025091397..0.018795386].
2025-04-07 15:54:26,891 - WARNING - Clipping input data to the valid range for imshow with RGB data ([0..1] for floats or [0..255] for integers). Got range [-0.78346425..0.8155918].
2025-04-07 15:54:48,681 - WARNING - Clipping input data to the valid range for imshow with RGB data ([0..1] for floats or [0..255] for integers). Got range [-0.02095711..0.023649048].
2025-04-07 15:54:48,830 - WARNING - Clipping input data to the valid range for imshow with RGB data ([0..1] for floats or [0..255] for integers). Got range [-0.6467512..0.42454535].
2025-04-07 15:54:49,756 - WARNING - Clipping input data to the valid range for imshow with RGB data ([0..1] for floats or [0..255] for integers). Got range [-0.025091397..0.018795386].
2025-04-07 15:54:49,879 - WARNING - Clipping input data to the valid range for imshow with RGB data ([0..1] for floats or [0..255] for integers). Got range [-0.78346425..0.8155918].
2025-04-07 15:55:11,973 - WARNING - Clipping input data to the valid range for imshow with RGB data ([0..1] for floats or [0..255] for integers). Got range [-0.02095711..0.023649048].
2025-04-07 15:55:12,201 - WARNING - Clipping input data to the valid range for imshow with RGB data ([0..1] for floats or [0..255] for integers). Got range [-0.6467512..0.42454535].
2025-04-07 15:55:13,145 - WARNING - Clipping input data to the valid range for imshow with RGB data ([0..1] for floats or [0..255] for integers). Got range [-0.025091397..0.018795386].
2025-04-07 15:55:13,286 - WARNING - Clipping input data to the valid range for imshow with RGB data ([0..1] for floats or [0..255] for integers). Got range [-0.78346425..0.8155918].
2025-04-07 15:55:35,098 - WARNING - Clipping input data to the valid range for imshow with RGB data ([0..1] for floats or [0..255] for integers). Got range [-0.02095711..0.023649048].
2025-04-07 15:55:35,243 - WARNING - Clipping input data to the valid range for imshow with RGB data ([0..1] for floats or [0..255] for integers). Got range [-0.6467512..0.42454535].
2025-04-07 15:55:36,154 - WARNING - Clipping input data to the valid range for imshow with RGB data ([0..1] for floats or [0..255] for integers). Got range [-0.025091397..0.018795386].
2025-04-07 15:55:36,269 - WARNING - Clipping input data to the valid range for imshow with RGB data ([0..1] for floats or [0..255] for integers). Got range [-0.78346425..0.8155918].
2025-04-07 15:55:57,822 - WARNING - Clipping input data to the valid range for imshow with RGB data ([0..1] for floats or [0..255] for integers). Got range [-0.025091397..0.018795386].
2025-04-07 15:55:58,021 - WARNING - Clipping input data to the valid range for imshow with RGB data ([0..1] for floats or [0..255] for integers). Got range [-0.78346425..0.8155918].
2025-04-07 15:55:58,907 - WARNING - Clipping input data to the valid range for imshow with RGB data ([0..1] for floats or [0..255] for integers). Got range [-0.02095711..0.023649048].
2025-04-07 15:55:59,021 - WARNING - Clipping input data to the valid range for imshow with RGB data ([0..1] for floats or [0..255] for integers). Got range [-0.6467512..0.42454535].
2025-04-07 15:56:21,259 - WARNING - Clipping input data to the valid range for imshow with RGB data ([0..1] for floats or [0..255] for integers). Got range [-0.02095711..0.023649048].
2025-04-07 15:56:21,438 - WARNING - Clipping input data to the valid range for imshow with RGB data ([0..1] for floats or [0..255] for integers). Got range [-0.6467512..0.42454535].
2025-04-07 15:56:22,320 - WARNING - Clipping input data to the valid range for imshow with RGB data ([0..1] for floats or [0..255] for integers). Got range [-0.025091397..0.018795386].
2025-04-07 15:56:22,500 - WARNING - Clipping input data to the valid range for imshow with RGB data ([0..1] for floats or [0..255] for integers). Got range [-0.78346425..0.8155918].
2025-04-07 15:56:44,422 - WARNING - Clipping input data to the valid range for imshow with RGB data ([0..1] for floats or [0..255] for integers). Got range [-0.02095711..0.023649048].
2025-04-07 15:56:44,568 - WARNING - Clipping input data to the valid range for imshow with RGB data ([0..1] for floats or [0..255] for integers). Got range [-0.6467512..0.42454535].
2025-04-07 15:56:45,522 - WARNING - Clipping input data to the valid range for imshow with RGB data ([0..1] for floats or [0..255] for integers). Got range [-0.025091397..0.018795386].
2025-04-07 15:56:45,665 - WARNING - Clipping input data to the valid range for imshow with RGB data ([0..1] for floats or [0..255] for integers). Got range [-0.78346425..0.8155918].
2025-04-07 15:58:57,541 - INFO - Best model saved at: /mnt/c/Users/D2A2/Documents/DeFINO_Richard/train/checkpoints/n=128_e=8_m=FNO_s=RFS_l=JAC_20250407_150350/n=128_e=8_m=FNO_s=RFS_l=JAC_epoch=042_val_rel_l2_loss=0.9794.ckpt
2025-04-07 15:58:57,950 - INFO - Training completed
