2025-04-22 18:28:37,406 - INFO - Configuration:
2025-04-22 18:28:37,407 - INFO - [experiment]
2025-04-22 18:28:37,408 - INFO -   name: n=128_m=FNO_l=L2
2025-04-22 18:28:37,408 - INFO -   log_dir: logs
2025-04-22 18:28:37,409 - INFO -   output_dir: output
2025-04-22 18:28:37,409 - INFO -   checkpoint_dir: checkpoints
2025-04-22 18:28:37,409 - INFO -   model_type: NS
2025-04-22 18:28:37,410 - INFO -   dataset_type: NS
2025-04-22 18:28:37,410 - INFO -   seed: 42
2025-04-22 18:28:37,411 - INFO -   debug: False
2025-04-22 18:28:37,411 - INFO -   tags: ['128 samples', 'FNO']
2025-04-22 18:28:37,412 - INFO - [data_settings]
2025-04-22 18:28:37,413 - INFO -   nx: 128
2025-04-22 18:28:37,413 - INFO -   ny: 128
2025-04-22 18:28:37,414 - INFO -   batch_size: 1
2025-04-22 18:28:37,414 - INFO -   eigen_count: 8
2025-04-22 18:28:37,415 - INFO -   sample_directories: ['../datasets/dataset_NS_batch1', '../datasets/dataset_NS_batch2']
2025-04-22 18:28:37,415 - INFO - [model_settings]
2025-04-22 18:28:37,416 - INFO -   in_channels: 1
2025-04-22 18:28:37,416 - INFO -   out_channels: 1
2025-04-22 18:28:37,417 - INFO -   decoder_layer_size: 256
2025-04-22 18:28:37,417 - INFO -   num_fno_layers: 6
2025-04-22 18:28:37,418 - INFO -   num_fno_modes: [32, 32]
2025-04-22 18:28:37,418 - INFO -   padding: 0
2025-04-22 18:28:37,419 - INFO -   dimension: 2
2025-04-22 18:28:37,419 - INFO -   latent_channels: 64
2025-04-22 18:28:37,419 - INFO -   loss_type: L2
2025-04-22 18:28:37,420 - INFO -   train_eigen_count: 8
2025-04-22 18:28:37,420 - INFO -   reg_param: 0.5
2025-04-22 18:28:37,421 - INFO -   scale_factor: 10.0
2025-04-22 18:28:37,421 - INFO -   learning_rate: 0.0008
2025-04-22 18:28:37,421 - INFO -   weight_decay: 1e-05
2025-04-22 18:28:37,422 - INFO - [training_settings]
2025-04-22 18:28:37,423 - INFO -   accum_steps: 1
2025-04-22 18:28:37,423 - INFO -   num_epoch: 150
2025-04-22 18:28:37,423 - INFO -   num_train: 128
2025-04-22 18:28:37,424 - INFO -   num_test: 16
2025-04-22 18:28:37,424 - INFO -   shuffle_train: True
2025-04-22 18:28:37,425 - INFO -   shuffle_test: False
2025-04-22 18:28:37,425 - INFO -   enable_checkpointing: True
2025-04-22 18:28:37,426 - INFO -   log_checkpoint: False
2025-04-22 18:28:37,426 - INFO -   checkpoint_interval: 20
2025-04-22 18:28:37,427 - INFO -   save_top_k: -1
2025-04-22 18:28:37,427 - INFO - [visualization_settings]
2025-04-22 18:28:37,428 - INFO -   save_to_disk: False
2025-04-22 18:28:37,428 - INFO -   log_to_neptune: True
2025-04-22 18:28:37,429 - INFO -   num_plots: 2
2025-04-22 18:28:37,429 - INFO -   check_val_every_n_epoch: 1
2025-04-22 18:28:37,430 - INFO -   plot_interval: 1
2025-04-22 18:28:37,430 - INFO - [neptune]
2025-04-22 18:28:37,430 - INFO -   enabled: True
2025-04-22 18:28:37,431 - INFO -   project: slim-gatech/Jayjay
2025-04-22 18:28:47,774 - INFO - Starting training...
2025-04-23 01:11:38,407 - INFO - Best model saved at: /mnt/c/Users/D2A2/Documents/DeFINO_Richard/train/checkpoints/n=128_m=FNO_l=L2_20250422_182837/n=128_m=FNO_l=L2_epoch=139_val_rel_l2_loss=0.4377.ckpt
2025-04-23 01:11:39,077 - INFO - Training completed
