2025-04-07 13:23:13,322 - INFO - Configuration:
2025-04-07 13:23:13,323 - INFO - [experiment]
2025-04-07 13:23:13,324 - INFO -   name: NS_training
2025-04-07 13:23:13,324 - INFO -   log_dir: logs
2025-04-07 13:23:13,324 - INFO -   output_dir: output
2025-04-07 13:23:13,324 - INFO -   checkpoint_dir: checkpoints
2025-04-07 13:23:13,325 - INFO -   model_type: NS
2025-04-07 13:23:13,325 - INFO -   dataset_type: NS
2025-04-07 13:23:13,325 - INFO -   seed: 42
2025-04-07 13:23:13,326 - INFO -   debug: False
2025-04-07 13:23:13,326 - INFO -   tags: ['NS', 'JAC']
2025-04-07 13:23:13,326 - INFO - [data_settings]
2025-04-07 13:23:13,327 - INFO -   nx: 128
2025-04-07 13:23:13,327 - INFO -   ny: 128
2025-04-07 13:23:13,327 - INFO -   batch_size: 1
2025-04-07 13:23:13,328 - INFO -   eigen_count: 8
2025-04-07 13:23:13,328 - INFO -   sample_directories: ['/home/ubuntu/DeFINO/datasets/dataset_NS_batch1', '/home/ubuntu/DeFINO/datasets/dataset_NS_batch2']
2025-04-07 13:23:13,328 - INFO - [model_settings]
2025-04-07 13:23:13,328 - INFO -   in_channels: 1
2025-04-07 13:23:13,329 - INFO -   out_channels: 1
2025-04-07 13:23:13,329 - INFO -   decoder_layer_size: 256
2025-04-07 13:23:13,329 - INFO -   num_fno_layers: 6
2025-04-07 13:23:13,330 - INFO -   num_fno_modes: [32, 32]
2025-04-07 13:23:13,330 - INFO -   padding: 0
2025-04-07 13:23:13,330 - INFO -   dimension: 2
2025-04-07 13:23:13,331 - INFO -   latent_channels: 64
2025-04-07 13:23:13,331 - INFO -   loss_type: JAC
2025-04-07 13:23:13,331 - INFO -   train_eigen_count: 8
2025-04-07 13:23:13,332 - INFO -   reg_param: 0.5
2025-04-07 13:23:13,332 - INFO -   scale_factor: 5500.0
2025-04-07 13:23:13,332 - INFO -   learning_rate: 0.0001
2025-04-07 13:23:13,332 - INFO -   weight_decay: 1e-05
2025-04-07 13:23:13,333 - INFO - [training_settings]
2025-04-07 13:23:13,333 - INFO -   accum_steps: 1
2025-04-07 13:23:13,333 - INFO -   num_epoch: 100
2025-04-07 13:23:13,334 - INFO -   num_train: 128
2025-04-07 13:23:13,334 - INFO -   num_test: 10
2025-04-07 13:23:13,334 - INFO -   shuffle_train: False
2025-04-07 13:23:13,334 - INFO -   shuffle_test: False
2025-04-07 13:23:13,335 - INFO -   enable_checkpointing: True
2025-04-07 13:23:13,335 - INFO -   log_checkpoint: False
2025-04-07 13:23:13,335 - INFO -   checkpoint_interval: 1
2025-04-07 13:23:13,336 - INFO -   save_top_k: 1
2025-04-07 13:23:13,336 - INFO - [visualization_settings]
2025-04-07 13:23:13,336 - INFO -   save_to_disk: False
2025-04-07 13:23:13,336 - INFO -   log_to_neptune: True
2025-04-07 13:23:13,337 - INFO -   num_plots: 2
2025-04-07 13:23:13,337 - INFO -   check_val_every_n_epoch: 1
2025-04-07 13:23:13,338 - INFO -   plot_interval: 1
2025-04-07 13:23:13,338 - INFO - [neptune]
2025-04-07 13:23:13,338 - INFO -   enabled: True
2025-04-07 13:23:13,338 - INFO -   project: slim-gatech/DeFINO
