2025-04-07 17:15:48,002 - INFO - Configuration:
2025-04-07 17:15:48,002 - INFO - [experiment]
2025-04-07 17:15:48,003 - INFO -   name: n=128_e=8_m=FNO_s=RFS_l=JAC
2025-04-07 17:15:48,003 - INFO -   log_dir: logs
2025-04-07 17:15:48,004 - INFO -   output_dir: output
2025-04-07 17:15:48,004 - INFO -   checkpoint_dir: checkpoints
2025-04-07 17:15:48,004 - INFO -   model_type: NS
2025-04-07 17:15:48,005 - INFO -   dataset_type: NS
2025-04-07 17:15:48,005 - INFO -   seed: 42
2025-04-07 17:15:48,005 - INFO -   debug: False
2025-04-07 17:15:48,006 - INFO -   tags: ['4 Eigenvectors', '2 samples', 'FNO', 'RFS', 'JAC']
2025-04-07 17:15:48,006 - INFO - [data_settings]
2025-04-07 17:15:48,007 - INFO -   nx: 128
2025-04-07 17:15:48,007 - INFO -   ny: 128
2025-04-07 17:15:48,007 - INFO -   batch_size: 1
2025-04-07 17:15:48,008 - INFO -   eigen_count: 8
2025-04-07 17:15:48,008 - INFO -   sample_directories: ['../datasets/dataset_NS_batch1', '../datasets/dataset_NS_batch2']
2025-04-07 17:15:48,009 - INFO - [model_settings]
2025-04-07 17:15:48,009 - INFO -   in_channels: 1
2025-04-07 17:15:48,010 - INFO -   out_channels: 1
2025-04-07 17:15:48,010 - INFO -   decoder_layer_size: 256
2025-04-07 17:15:48,010 - INFO -   num_fno_layers: 6
2025-04-07 17:15:48,011 - INFO -   num_fno_modes: [32, 32]
2025-04-07 17:15:48,011 - INFO -   padding: 0
2025-04-07 17:15:48,011 - INFO -   dimension: 2
2025-04-07 17:15:48,012 - INFO -   latent_channels: 64
2025-04-07 17:15:48,012 - INFO -   loss_type: JAC
2025-04-07 17:15:48,012 - INFO -   train_eigen_count: 4
2025-04-07 17:15:48,013 - INFO -   reg_param: 0.01
2025-04-07 17:15:48,013 - INFO -   scale_factor: 5500.0
2025-04-07 17:15:48,014 - INFO -   learning_rate: 0.0001
2025-04-07 17:15:48,014 - INFO -   weight_decay: 1e-05
2025-04-07 17:15:48,015 - INFO - [training_settings]
2025-04-07 17:15:48,015 - INFO -   accum_steps: 1
2025-04-07 17:15:48,016 - INFO -   num_epoch: 100
2025-04-07 17:15:48,016 - INFO -   num_train: 2
2025-04-07 17:15:48,016 - INFO -   num_test: 2
2025-04-07 17:15:48,017 - INFO -   shuffle_train: True
2025-04-07 17:15:48,017 - INFO -   shuffle_test: False
2025-04-07 17:15:48,018 - INFO -   enable_checkpointing: True
2025-04-07 17:15:48,018 - INFO -   log_checkpoint: False
2025-04-07 17:15:48,019 - INFO -   checkpoint_interval: 1
2025-04-07 17:15:48,019 - INFO -   save_top_k: 1
2025-04-07 17:15:48,020 - INFO - [visualization_settings]
2025-04-07 17:15:48,020 - INFO -   save_to_disk: False
2025-04-07 17:15:48,020 - INFO -   log_to_neptune: True
2025-04-07 17:15:48,021 - INFO -   num_plots: 2
2025-04-07 17:15:48,021 - INFO -   check_val_every_n_epoch: 1
2025-04-07 17:15:48,021 - INFO -   plot_interval: 1
2025-04-07 17:15:48,022 - INFO - [neptune]
2025-04-07 17:15:48,022 - INFO -   enabled: True
2025-04-07 17:15:48,023 - INFO -   project: slim-gatech/Jayjay
2025-04-07 17:15:58,005 - INFO - Starting training...
