2025-04-07 14:21:26,792 - INFO - Configuration:
2025-04-07 14:21:26,793 - INFO - [experiment]
2025-04-07 14:21:26,793 - INFO -   name: n=128_e=8_m=FNO_s=RFS_l=JAC
2025-04-07 14:21:26,793 - INFO -   log_dir: logs
2025-04-07 14:21:26,794 - INFO -   output_dir: output
2025-04-07 14:21:26,794 - INFO -   checkpoint_dir: checkpoints
2025-04-07 14:21:26,794 - INFO -   model_type: NS
2025-04-07 14:21:26,794 - INFO -   dataset_type: NS
2025-04-07 14:21:26,795 - INFO -   seed: 42
2025-04-07 14:21:26,795 - INFO -   debug: False
2025-04-07 14:21:26,795 - INFO -   tags: ['4 Eigenvectors', '4 samples', 'FNO', 'RFS', 'JAC']
2025-04-07 14:21:26,796 - INFO - [data_settings]
2025-04-07 14:21:26,796 - INFO -   nx: 128
2025-04-07 14:21:26,797 - INFO -   ny: 128
2025-04-07 14:21:26,797 - INFO -   batch_size: 1
2025-04-07 14:21:26,797 - INFO -   eigen_count: 8
2025-04-07 14:21:26,798 - INFO -   sample_directories: ['../datasets/dataset_NS_batch1', '../datasets/dataset_NS_batch2']
2025-04-07 14:21:26,798 - INFO - [model_settings]
2025-04-07 14:21:26,798 - INFO -   in_channels: 1
2025-04-07 14:21:26,799 - INFO -   out_channels: 1
2025-04-07 14:21:26,799 - INFO -   decoder_layer_size: 256
2025-04-07 14:21:26,799 - INFO -   num_fno_layers: 6
2025-04-07 14:21:26,800 - INFO -   num_fno_modes: [32, 32]
2025-04-07 14:21:26,800 - INFO -   padding: 0
2025-04-07 14:21:26,800 - INFO -   dimension: 2
2025-04-07 14:21:26,800 - INFO -   latent_channels: 64
2025-04-07 14:21:26,801 - INFO -   loss_type: JAC
2025-04-07 14:21:26,801 - INFO -   train_eigen_count: 4
2025-04-07 14:21:26,801 - INFO -   reg_param: 0.01
2025-04-07 14:21:26,802 - INFO -   scale_factor: 5500.0
2025-04-07 14:21:26,802 - INFO -   learning_rate: 0.0001
2025-04-07 14:21:26,802 - INFO -   weight_decay: 1e-05
2025-04-07 14:21:26,803 - INFO - [training_settings]
2025-04-07 14:21:26,803 - INFO -   accum_steps: 1
2025-04-07 14:21:26,803 - INFO -   num_epoch: 100
2025-04-07 14:21:26,803 - INFO -   num_train: 4
2025-04-07 14:21:26,804 - INFO -   num_test: 4
2025-04-07 14:21:26,804 - INFO -   shuffle_train: True
2025-04-07 14:21:26,804 - INFO -   shuffle_test: False
2025-04-07 14:21:26,804 - INFO -   enable_checkpointing: True
2025-04-07 14:21:26,805 - INFO -   log_checkpoint: False
2025-04-07 14:21:26,805 - INFO -   checkpoint_interval: 1
2025-04-07 14:21:26,805 - INFO -   save_top_k: 1
2025-04-07 14:21:26,806 - INFO -   num_samples: 4
2025-04-07 14:21:26,806 - INFO - [visualization_settings]
2025-04-07 14:21:26,806 - INFO -   save_to_disk: False
2025-04-07 14:21:26,807 - INFO -   log_to_neptune: True
2025-04-07 14:21:26,807 - INFO -   num_plots: 2
2025-04-07 14:21:26,807 - INFO -   check_val_every_n_epoch: 1
2025-04-07 14:21:26,807 - INFO -   plot_interval: 1
2025-04-07 14:21:26,808 - INFO - [neptune]
2025-04-07 14:21:26,808 - INFO -   enabled: True
2025-04-07 14:21:26,808 - INFO -   project: slim-gatech/Jayjay
2025-04-07 14:21:38,471 - INFO - Starting training...
