2025-04-07 17:12:28,281 - INFO - Configuration:
2025-04-07 17:12:28,282 - INFO - [experiment]
2025-04-07 17:12:28,282 - INFO -   name: n=128_e=8_m=FNO_s=RFS_l=JAC
2025-04-07 17:12:28,283 - INFO -   log_dir: logs
2025-04-07 17:12:28,283 - INFO -   output_dir: output
2025-04-07 17:12:28,283 - INFO -   checkpoint_dir: checkpoints
2025-04-07 17:12:28,284 - INFO -   model_type: NS
2025-04-07 17:12:28,284 - INFO -   dataset_type: NS
2025-04-07 17:12:28,284 - INFO -   seed: 42
2025-04-07 17:12:28,285 - INFO -   debug: False
2025-04-07 17:12:28,285 - INFO -   tags: ['4 Eigenvectors', '2 samples', 'FNO', 'RFS', 'JAC']
2025-04-07 17:12:28,285 - INFO - [data_settings]
2025-04-07 17:12:28,286 - INFO -   nx: 128
2025-04-07 17:12:28,286 - INFO -   ny: 128
2025-04-07 17:12:28,286 - INFO -   batch_size: 1
2025-04-07 17:12:28,286 - INFO -   eigen_count: 8
2025-04-07 17:12:28,287 - INFO -   sample_directories: ['../datasets/dataset_NS_batch1', '../datasets/dataset_NS_batch2']
2025-04-07 17:12:28,287 - INFO - [model_settings]
2025-04-07 17:12:28,287 - INFO -   in_channels: 1
2025-04-07 17:12:28,288 - INFO -   out_channels: 1
2025-04-07 17:12:28,288 - INFO -   decoder_layer_size: 256
2025-04-07 17:12:28,288 - INFO -   num_fno_layers: 6
2025-04-07 17:12:28,289 - INFO -   num_fno_modes: [32, 32]
2025-04-07 17:12:28,289 - INFO -   padding: 0
2025-04-07 17:12:28,289 - INFO -   dimension: 2
2025-04-07 17:12:28,290 - INFO -   latent_channels: 64
2025-04-07 17:12:28,290 - INFO -   loss_type: JAC
2025-04-07 17:12:28,291 - INFO -   train_eigen_count: 4
2025-04-07 17:12:28,291 - INFO -   reg_param: 0.01
2025-04-07 17:12:28,292 - INFO -   scale_factor: 5500.0
2025-04-07 17:12:28,292 - INFO -   learning_rate: 0.0001
2025-04-07 17:12:28,292 - INFO -   weight_decay: 1e-05
2025-04-07 17:12:28,293 - INFO - [training_settings]
2025-04-07 17:12:28,293 - INFO -   accum_steps: 1
2025-04-07 17:12:28,293 - INFO -   num_epoch: 100
2025-04-07 17:12:28,294 - INFO -   num_train: 2
2025-04-07 17:12:28,294 - INFO -   num_test: 2
2025-04-07 17:12:28,294 - INFO -   shuffle_train: True
2025-04-07 17:12:28,294 - INFO -   shuffle_test: False
2025-04-07 17:12:28,295 - INFO -   enable_checkpointing: True
2025-04-07 17:12:28,295 - INFO -   log_checkpoint: False
2025-04-07 17:12:28,295 - INFO -   checkpoint_interval: 1
2025-04-07 17:12:28,295 - INFO -   save_top_k: 1
2025-04-07 17:12:28,296 - INFO - [visualization_settings]
2025-04-07 17:12:28,296 - INFO -   save_to_disk: False
2025-04-07 17:12:28,296 - INFO -   log_to_neptune: True
2025-04-07 17:12:28,297 - INFO -   num_plots: 2
2025-04-07 17:12:28,297 - INFO -   check_val_every_n_epoch: 1
2025-04-07 17:12:28,297 - INFO -   plot_interval: 1
2025-04-07 17:12:28,297 - INFO - [neptune]
2025-04-07 17:12:28,298 - INFO -   enabled: True
2025-04-07 17:12:28,298 - INFO -   project: slim-gatech/Jayjay
2025-04-07 17:12:38,396 - INFO - Starting training...
2025-04-07 17:12:54,004 - WARNING - Clipping input data to the valid range for imshow with RGB data ([0..1] for floats or [0..255] for integers). Got range [-0.02095711..0.023649048].
2025-04-07 17:12:54,118 - WARNING - Clipping input data to the valid range for imshow with RGB data ([0..1] for floats or [0..255] for integers). Got range [-0.6467512..0.42454535].
2025-04-07 17:12:55,176 - WARNING - Clipping input data to the valid range for imshow with RGB data ([0..1] for floats or [0..255] for integers). Got range [-0.025091397..0.018795386].
2025-04-07 17:12:55,352 - WARNING - Clipping input data to the valid range for imshow with RGB data ([0..1] for floats or [0..255] for integers). Got range [-0.78346425..0.8155918].
2025-04-07 17:13:42,069 - WARNING - Clipping input data to the valid range for imshow with RGB data ([0..1] for floats or [0..255] for integers). Got range [-0.02095711..0.023649048].
2025-04-07 17:13:42,214 - WARNING - Clipping input data to the valid range for imshow with RGB data ([0..1] for floats or [0..255] for integers). Got range [-0.6467512..0.42454535].
2025-04-07 17:13:42,954 - WARNING - Clipping input data to the valid range for imshow with RGB data ([0..1] for floats or [0..255] for integers). Got range [-0.025091397..0.018795386].
2025-04-07 17:13:43,145 - WARNING - Clipping input data to the valid range for imshow with RGB data ([0..1] for floats or [0..255] for integers). Got range [-0.78346425..0.8155918].
