2025-04-07 14:15:16,655 - INFO - Configuration:
2025-04-07 14:15:16,658 - INFO - [experiment]
2025-04-07 14:15:16,658 - INFO -   name: n=128_e=8_m=FNO_s=RFS_l=JAC
2025-04-07 14:15:16,659 - INFO -   log_dir: logs
2025-04-07 14:15:16,660 - INFO -   output_dir: output
2025-04-07 14:15:16,661 - INFO -   checkpoint_dir: checkpoints
2025-04-07 14:15:16,661 - INFO -   model_type: NS
2025-04-07 14:15:16,662 - INFO -   dataset_type: NS
2025-04-07 14:15:16,663 - INFO -   seed: 42
2025-04-07 14:15:16,663 - INFO -   debug: False
2025-04-07 14:15:16,664 - INFO -   tags: ['4 Eigenvectors', '4 samples', 'FNO', 'RFS', 'JAC']
2025-04-07 14:15:16,665 - INFO - [data_settings]
2025-04-07 14:15:16,666 - INFO -   nx: 128
2025-04-07 14:15:16,667 - INFO -   ny: 128
2025-04-07 14:15:16,667 - INFO -   batch_size: 1
2025-04-07 14:15:16,668 - INFO -   eigen_count: 8
2025-04-07 14:15:16,669 - INFO -   sample_directories: ['../datasets/dataset_NS_batch1', '../datasets/dataset_NS_batch2']
2025-04-07 14:15:16,669 - INFO - [model_settings]
2025-04-07 14:15:16,670 - INFO -   in_channels: 1
2025-04-07 14:15:16,671 - INFO -   out_channels: 1
2025-04-07 14:15:16,672 - INFO -   decoder_layer_size: 256
2025-04-07 14:15:16,672 - INFO -   num_fno_layers: 6
2025-04-07 14:15:16,673 - INFO -   num_fno_modes: [32, 32]
2025-04-07 14:15:16,673 - INFO -   padding: 0
2025-04-07 14:15:16,674 - INFO -   dimension: 2
2025-04-07 14:15:16,675 - INFO -   latent_channels: 64
2025-04-07 14:15:16,675 - INFO -   loss_type: JAC
2025-04-07 14:15:16,676 - INFO -   train_eigen_count: 4
2025-04-07 14:15:16,677 - INFO -   reg_param: 0.01
2025-04-07 14:15:16,677 - INFO -   scale_factor: 5500.0
2025-04-07 14:15:16,678 - INFO -   learning_rate: 0.0001
2025-04-07 14:15:16,679 - INFO -   weight_decay: 1e-05
2025-04-07 14:15:16,679 - INFO - [training_settings]
2025-04-07 14:15:16,680 - INFO -   accum_steps: 1
2025-04-07 14:15:16,681 - INFO -   num_epoch: 100
2025-04-07 14:15:16,681 - INFO -   num_train: 4
2025-04-07 14:15:16,682 - INFO -   num_test: 4
2025-04-07 14:15:16,683 - INFO -   shuffle_train: False
2025-04-07 14:15:16,683 - INFO -   shuffle_test: False
2025-04-07 14:15:16,684 - INFO -   enable_checkpointing: True
2025-04-07 14:15:16,685 - INFO -   log_checkpoint: False
2025-04-07 14:15:16,685 - INFO -   checkpoint_interval: 1
2025-04-07 14:15:16,686 - INFO -   save_top_k: 1
2025-04-07 14:15:16,687 - INFO -   num_samples: 4
2025-04-07 14:15:16,687 - INFO - [visualization_settings]
2025-04-07 14:15:16,688 - INFO -   save_to_disk: False
2025-04-07 14:15:16,688 - INFO -   log_to_neptune: True
2025-04-07 14:15:16,689 - INFO -   num_plots: 2
2025-04-07 14:15:16,690 - INFO -   check_val_every_n_epoch: 1
2025-04-07 14:15:16,690 - INFO -   plot_interval: 1
2025-04-07 14:15:16,691 - INFO - [neptune]
2025-04-07 14:15:16,691 - INFO -   enabled: True
2025-04-07 14:15:16,692 - INFO -   project: slim-gatech/Jayjay
