2025-04-07 14:57:49,228 - INFO - Configuration:
2025-04-07 14:57:49,229 - INFO - [experiment]
2025-04-07 14:57:49,230 - INFO -   name: n=128_e=8_m=FNO_s=RFS_l=JAC
2025-04-07 14:57:49,230 - INFO -   log_dir: logs
2025-04-07 14:57:49,231 - INFO -   output_dir: output
2025-04-07 14:57:49,231 - INFO -   checkpoint_dir: checkpoints
2025-04-07 14:57:49,232 - INFO -   model_type: NS
2025-04-07 14:57:49,233 - INFO -   dataset_type: NS
2025-04-07 14:57:49,233 - INFO -   seed: 42
2025-04-07 14:57:49,234 - INFO -   debug: False
2025-04-07 14:57:49,234 - INFO -   tags: ['4 Eigenvectors', '2 samples', 'FNO', 'RFS', 'JAC']
2025-04-07 14:57:49,235 - INFO - [data_settings]
2025-04-07 14:57:49,235 - INFO -   nx: 128
2025-04-07 14:57:49,236 - INFO -   ny: 128
2025-04-07 14:57:49,236 - INFO -   batch_size: 1
2025-04-07 14:57:49,237 - INFO -   eigen_count: 8
2025-04-07 14:57:49,237 - INFO -   sample_directories: ['../datasets/dataset_NS_batch1', '../datasets/dataset_NS_batch2']
2025-04-07 14:57:49,237 - INFO - [model_settings]
2025-04-07 14:57:49,238 - INFO -   in_channels: 1
2025-04-07 14:57:49,238 - INFO -   out_channels: 1
2025-04-07 14:57:49,239 - INFO -   decoder_layer_size: 256
2025-04-07 14:57:49,240 - INFO -   num_fno_layers: 6
2025-04-07 14:57:49,240 - INFO -   num_fno_modes: [32, 32]
2025-04-07 14:57:49,241 - INFO -   padding: 0
2025-04-07 14:57:49,241 - INFO -   dimension: 2
2025-04-07 14:57:49,242 - INFO -   latent_channels: 64
2025-04-07 14:57:49,242 - INFO -   loss_type: JAC
2025-04-07 14:57:49,243 - INFO -   train_eigen_count: 4
2025-04-07 14:57:49,243 - INFO -   reg_param: 0.01
2025-04-07 14:57:49,244 - INFO -   scale_factor: 5500.0
2025-04-07 14:57:49,244 - INFO -   learning_rate: 0.0001
2025-04-07 14:57:49,245 - INFO -   weight_decay: 1e-05
2025-04-07 14:57:49,245 - INFO - [training_settings]
2025-04-07 14:57:49,246 - INFO -   accum_steps: 1
2025-04-07 14:57:49,246 - INFO -   num_epoch: 100
2025-04-07 14:57:49,247 - INFO -   num_train: 2
2025-04-07 14:57:49,248 - INFO -   num_test: 2
2025-04-07 14:57:49,248 - INFO -   shuffle_train: True
2025-04-07 14:57:49,248 - INFO -   shuffle_test: False
2025-04-07 14:57:49,249 - INFO -   enable_checkpointing: True
2025-04-07 14:57:49,249 - INFO -   log_checkpoint: False
2025-04-07 14:57:49,250 - INFO -   checkpoint_interval: 1
2025-04-07 14:57:49,250 - INFO -   save_top_k: 1
2025-04-07 14:57:49,250 - INFO - [visualization_settings]
2025-04-07 14:57:49,251 - INFO -   save_to_disk: False
2025-04-07 14:57:49,251 - INFO -   log_to_neptune: True
2025-04-07 14:57:49,251 - INFO -   num_plots: 2
2025-04-07 14:57:49,252 - INFO -   check_val_every_n_epoch: 1
2025-04-07 14:57:49,252 - INFO -   plot_interval: 1
2025-04-07 14:57:49,252 - INFO - [neptune]
2025-04-07 14:57:49,253 - INFO -   enabled: True
2025-04-07 14:57:49,253 - INFO -   project: slim-gatech/Jayjay
2025-04-07 14:57:58,801 - INFO - Starting training...
