2025-04-07 17:53:42,338 - INFO - Configuration:
2025-04-07 17:53:42,339 - INFO - [experiment]
2025-04-07 17:53:42,340 - INFO -   name: n=128_e=8_m=FNO_s=RFS_l=JAC
2025-04-07 17:53:42,341 - INFO -   log_dir: logs
2025-04-07 17:53:42,341 - INFO -   output_dir: output
2025-04-07 17:53:42,342 - INFO -   checkpoint_dir: checkpoints
2025-04-07 17:53:42,343 - INFO -   model_type: NS
2025-04-07 17:53:42,343 - INFO -   dataset_type: NS
2025-04-07 17:53:42,344 - INFO -   seed: 42
2025-04-07 17:53:42,345 - INFO -   debug: False
2025-04-07 17:53:42,345 - INFO -   tags: ['4 Eigenvectors', '2 samples', 'FNO', 'RFS', 'JAC']
2025-04-07 17:53:42,346 - INFO - [data_settings]
2025-04-07 17:53:42,346 - INFO -   nx: 128
2025-04-07 17:53:42,347 - INFO -   ny: 128
2025-04-07 17:53:42,347 - INFO -   batch_size: 1
2025-04-07 17:53:42,348 - INFO -   eigen_count: 8
2025-04-07 17:53:42,349 - INFO -   sample_directories: ['../datasets/dataset_NS_batch1', '../datasets/dataset_NS_batch2']
2025-04-07 17:53:42,349 - INFO - [model_settings]
2025-04-07 17:53:42,350 - INFO -   in_channels: 1
2025-04-07 17:53:42,351 - INFO -   out_channels: 1
2025-04-07 17:53:42,351 - INFO -   decoder_layer_size: 256
2025-04-07 17:53:42,352 - INFO -   num_fno_layers: 6
2025-04-07 17:53:42,353 - INFO -   num_fno_modes: [32, 32]
2025-04-07 17:53:42,353 - INFO -   padding: 0
2025-04-07 17:53:42,354 - INFO -   dimension: 2
2025-04-07 17:53:42,354 - INFO -   latent_channels: 64
2025-04-07 17:53:42,355 - INFO -   loss_type: JAC
2025-04-07 17:53:42,356 - INFO -   train_eigen_count: 4
2025-04-07 17:53:42,356 - INFO -   reg_param: 0.01
2025-04-07 17:53:42,357 - INFO -   scale_factor: 5500.0
2025-04-07 17:53:42,358 - INFO -   learning_rate: 0.0001
2025-04-07 17:53:42,358 - INFO -   weight_decay: 1e-05
2025-04-07 17:53:42,358 - INFO - [training_settings]
2025-04-07 17:53:42,359 - INFO -   accum_steps: 1
2025-04-07 17:53:42,359 - INFO -   num_epoch: 100
2025-04-07 17:53:42,360 - INFO -   num_train: 2
2025-04-07 17:53:42,360 - INFO -   num_test: 2
2025-04-07 17:53:42,361 - INFO -   shuffle_train: True
2025-04-07 17:53:42,362 - INFO -   shuffle_test: False
2025-04-07 17:53:42,362 - INFO -   enable_checkpointing: True
2025-04-07 17:53:42,363 - INFO -   log_checkpoint: False
2025-04-07 17:53:42,363 - INFO -   checkpoint_interval: 1
2025-04-07 17:53:42,364 - INFO -   save_top_k: 1
2025-04-07 17:53:42,364 - INFO - [visualization_settings]
2025-04-07 17:53:42,365 - INFO -   save_to_disk: False
2025-04-07 17:53:42,365 - INFO -   log_to_neptune: True
2025-04-07 17:53:42,366 - INFO -   num_plots: 2
2025-04-07 17:53:42,366 - INFO -   check_val_every_n_epoch: 1
2025-04-07 17:53:42,366 - INFO -   plot_interval: 1
2025-04-07 17:53:42,367 - INFO - [neptune]
2025-04-07 17:53:42,368 - INFO -   enabled: True
2025-04-07 17:53:42,368 - INFO -   project: slim-gatech/Jayjay
2025-04-07 17:53:51,831 - INFO - Starting training...
