2025-04-21 22:19:53,680 - INFO - Configuration:
2025-04-21 22:19:53,682 - INFO - [experiment]
2025-04-21 22:19:53,683 - INFO -   name: n=128_e=8_m=FNO_s=RFS_l=JAC_lamba=0.5
2025-04-21 22:19:53,683 - INFO -   log_dir: logs
2025-04-21 22:19:53,684 - INFO -   output_dir: output
2025-04-21 22:19:53,684 - INFO -   checkpoint_dir: checkpoints
2025-04-21 22:19:53,685 - INFO -   model_type: NS
2025-04-21 22:19:53,685 - INFO -   dataset_type: NS
2025-04-21 22:19:53,685 - INFO -   seed: 42
2025-04-21 22:19:53,686 - INFO -   debug: False
2025-04-21 22:19:53,687 - INFO -   tags: ['8 Eigenvectors', '128 samples', 'FNO', 'RFS', 'JAC']
2025-04-21 22:19:53,688 - INFO - [data_settings]
2025-04-21 22:19:53,688 - INFO -   nx: 128
2025-04-21 22:19:53,689 - INFO -   ny: 128
2025-04-21 22:19:53,689 - INFO -   batch_size: 1
2025-04-21 22:19:53,690 - INFO -   eigen_count: 8
2025-04-21 22:19:53,690 - INFO -   sample_directories: ['../datasets/dataset_NS_batch1', '../datasets/dataset_NS_batch2']
2025-04-21 22:19:53,691 - INFO - [model_settings]
2025-04-21 22:19:53,691 - INFO -   in_channels: 1
2025-04-21 22:19:53,692 - INFO -   out_channels: 1
2025-04-21 22:19:53,692 - INFO -   decoder_layer_size: 256
2025-04-21 22:19:53,693 - INFO -   num_fno_layers: 6
2025-04-21 22:19:53,693 - INFO -   num_fno_modes: [32, 32]
2025-04-21 22:19:53,693 - INFO -   padding: 0
2025-04-21 22:19:53,694 - INFO -   dimension: 2
2025-04-21 22:19:53,694 - INFO -   latent_channels: 64
2025-04-21 22:19:53,695 - INFO -   loss_type: JAC
2025-04-21 22:19:53,695 - INFO -   train_eigen_count: 8
2025-04-21 22:19:53,696 - INFO -   reg_param: 0.5
2025-04-21 22:19:53,696 - INFO -   scale_factor: 1.0
2025-04-21 22:19:53,697 - INFO -   learning_rate: 0.0008
2025-04-21 22:19:53,697 - INFO -   weight_decay: 1e-05
2025-04-21 22:19:53,698 - INFO - [training_settings]
2025-04-21 22:19:53,698 - INFO -   accum_steps: 1
2025-04-21 22:19:53,699 - INFO -   num_epoch: 150
2025-04-21 22:19:53,699 - INFO -   num_train: 128
2025-04-21 22:19:53,700 - INFO -   num_test: 16
2025-04-21 22:19:53,700 - INFO -   shuffle_train: True
2025-04-21 22:19:53,701 - INFO -   shuffle_test: False
2025-04-21 22:19:53,701 - INFO -   enable_checkpointing: True
2025-04-21 22:19:53,702 - INFO -   log_checkpoint: False
2025-04-21 22:19:53,702 - INFO -   checkpoint_interval: 20
2025-04-21 22:19:53,703 - INFO -   save_top_k: -1
2025-04-21 22:19:53,703 - INFO - [visualization_settings]
2025-04-21 22:19:53,704 - INFO -   save_to_disk: False
2025-04-21 22:19:53,704 - INFO -   log_to_neptune: True
2025-04-21 22:19:53,705 - INFO -   num_plots: 2
2025-04-21 22:19:53,705 - INFO -   check_val_every_n_epoch: 1
2025-04-21 22:19:53,706 - INFO -   plot_interval: 1
2025-04-21 22:19:53,706 - INFO - [neptune]
2025-04-21 22:19:53,707 - INFO -   enabled: True
2025-04-21 22:19:53,707 - INFO -   project: slim-gatech/Jayjay
2025-04-21 22:20:05,654 - INFO - Starting training...
2025-04-22 07:08:17,843 - INFO - Best model saved at: /mnt/c/Users/D2A2/Documents/DeFINO_Richard/train/checkpoints/n=128_e=8_m=FNO_s=RFS_l=JAC_lamba=0.5_20250421_221953/n=128_e=8_m=FNO_s=RFS_l=JAC_lamba=0.5_epoch=139_val_rel_l2_loss=0.3102.ckpt
2025-04-22 07:08:18,747 - INFO - Training completed
