2025-04-07 20:02:05,467 - INFO - Configuration:
2025-04-07 20:02:05,469 - INFO - [experiment]
2025-04-07 20:02:05,469 - INFO -   name: n=128_e=4_m=FNO_s=RFS_l=JAC
2025-04-07 20:02:05,470 - INFO -   log_dir: logs
2025-04-07 20:02:05,471 - INFO -   output_dir: output
2025-04-07 20:02:05,471 - INFO -   checkpoint_dir: checkpoints
2025-04-07 20:02:05,472 - INFO -   model_type: NS
2025-04-07 20:02:05,472 - INFO -   dataset_type: NS
2025-04-07 20:02:05,473 - INFO -   seed: 42
2025-04-07 20:02:05,473 - INFO -   debug: False
2025-04-07 20:02:05,474 - INFO -   tags: ['4 Eigenvectors', '2 samples', 'FNO', 'RFS', 'JAC']
2025-04-07 20:02:05,475 - INFO - [data_settings]
2025-04-07 20:02:05,475 - INFO -   nx: 128
2025-04-07 20:02:05,476 - INFO -   ny: 128
2025-04-07 20:02:05,476 - INFO -   batch_size: 1
2025-04-07 20:02:05,477 - INFO -   eigen_count: 8
2025-04-07 20:02:05,477 - INFO -   sample_directories: ['../datasets/dataset_NS_batch1', '../datasets/dataset_NS_batch2']
2025-04-07 20:02:05,478 - INFO - [model_settings]
2025-04-07 20:02:05,478 - INFO -   in_channels: 1
2025-04-07 20:02:05,479 - INFO -   out_channels: 1
2025-04-07 20:02:05,480 - INFO -   decoder_layer_size: 256
2025-04-07 20:02:05,480 - INFO -   num_fno_layers: 6
2025-04-07 20:02:05,481 - INFO -   num_fno_modes: [32, 32]
2025-04-07 20:02:05,481 - INFO -   padding: 0
2025-04-07 20:02:05,482 - INFO -   dimension: 2
2025-04-07 20:02:05,483 - INFO -   latent_channels: 64
2025-04-07 20:02:05,483 - INFO -   loss_type: JAC
2025-04-07 20:02:05,484 - INFO -   train_eigen_count: 4
2025-04-07 20:02:05,485 - INFO -   reg_param: 0.1
2025-04-07 20:02:05,486 - INFO -   scale_factor: 10.0
2025-04-07 20:02:05,486 - INFO -   learning_rate: 0.0001
2025-04-07 20:02:05,487 - INFO -   weight_decay: 1e-05
2025-04-07 20:02:05,487 - INFO - [training_settings]
2025-04-07 20:02:05,488 - INFO -   accum_steps: 1
2025-04-07 20:02:05,489 - INFO -   num_epoch: 100
2025-04-07 20:02:05,489 - INFO -   num_train: 10
2025-04-07 20:02:05,490 - INFO -   num_test: 2
2025-04-07 20:02:05,490 - INFO -   shuffle_train: True
2025-04-07 20:02:05,491 - INFO -   shuffle_test: False
2025-04-07 20:02:05,491 - INFO -   enable_checkpointing: True
2025-04-07 20:02:05,492 - INFO -   log_checkpoint: False
2025-04-07 20:02:05,492 - INFO -   checkpoint_interval: 1
2025-04-07 20:02:05,493 - INFO -   save_top_k: 1
2025-04-07 20:02:05,493 - INFO - [visualization_settings]
2025-04-07 20:02:05,494 - INFO -   save_to_disk: False
2025-04-07 20:02:05,494 - INFO -   log_to_neptune: True
2025-04-07 20:02:05,495 - INFO -   num_plots: 2
2025-04-07 20:02:05,495 - INFO -   check_val_every_n_epoch: 1
2025-04-07 20:02:05,496 - INFO -   plot_interval: 1
2025-04-07 20:02:05,497 - INFO - [neptune]
2025-04-07 20:02:05,497 - INFO -   enabled: True
2025-04-07 20:02:05,498 - INFO -   project: slim-gatech/Jayjay
2025-04-07 20:02:14,803 - INFO - Starting training...
2025-04-07 21:54:10,362 - INFO - Best model saved at: /mnt/c/Users/D2A2/Documents/DeFINO_Richard/train/checkpoints/n=128_e=4_m=FNO_s=RFS_l=JAC_20250407_200205/n=128_e=4_m=FNO_s=RFS_l=JAC_epoch=009_val_rel_l2_loss=0.6129.ckpt
2025-04-07 21:54:10,771 - INFO - Training completed
