2025-04-07 13:40:11,307 - INFO - Configuration:
2025-04-07 13:40:11,309 - INFO - [experiment]
2025-04-07 13:40:11,309 - INFO -   name: NS_training
2025-04-07 13:40:11,310 - INFO -   log_dir: logs
2025-04-07 13:40:11,310 - INFO -   output_dir: output
2025-04-07 13:40:11,311 - INFO -   checkpoint_dir: checkpoints
2025-04-07 13:40:11,311 - INFO -   model_type: NS
2025-04-07 13:40:11,312 - INFO -   dataset_type: NS
2025-04-07 13:40:11,312 - INFO -   seed: 42
2025-04-07 13:40:11,312 - INFO -   debug: False
2025-04-07 13:40:11,313 - INFO -   tags: ['NS', 'JAC']
2025-04-07 13:40:11,314 - INFO - [data_settings]
2025-04-07 13:40:11,314 - INFO -   nx: 128
2025-04-07 13:40:11,315 - INFO -   ny: 128
2025-04-07 13:40:11,315 - INFO -   batch_size: 1
2025-04-07 13:40:11,316 - INFO -   eigen_count: 8
2025-04-07 13:40:11,317 - INFO -   sample_directories: ['/Users/D2A2/Documents/DeFINO_Richard/datasets/dataset_NS_batch1', '/Users/D2A2/Documents/DeFINO_Richard/datasets/dataset_NS_batch2']
2025-04-07 13:40:11,317 - INFO - [model_settings]
2025-04-07 13:40:11,318 - INFO -   in_channels: 1
2025-04-07 13:40:11,318 - INFO -   out_channels: 1
2025-04-07 13:40:11,319 - INFO -   decoder_layer_size: 256
2025-04-07 13:40:11,320 - INFO -   num_fno_layers: 6
2025-04-07 13:40:11,320 - INFO -   num_fno_modes: [32, 32]
2025-04-07 13:40:11,321 - INFO -   padding: 0
2025-04-07 13:40:11,321 - INFO -   dimension: 2
2025-04-07 13:40:11,322 - INFO -   latent_channels: 64
2025-04-07 13:40:11,323 - INFO -   loss_type: L2
2025-04-07 13:40:11,323 - INFO -   train_eigen_count: 8
2025-04-07 13:40:11,324 - INFO -   reg_param: 0.5
2025-04-07 13:40:11,325 - INFO -   scale_factor: 5500.0
2025-04-07 13:40:11,325 - INFO -   learning_rate: 0.0001
2025-04-07 13:40:11,326 - INFO -   weight_decay: 1e-05
2025-04-07 13:40:11,326 - INFO - [training_settings]
2025-04-07 13:40:11,327 - INFO -   accum_steps: 1
2025-04-07 13:40:11,328 - INFO -   num_epoch: 100
2025-04-07 13:40:11,328 - INFO -   num_train: 128
2025-04-07 13:40:11,329 - INFO -   num_test: 10
2025-04-07 13:40:11,329 - INFO -   shuffle_train: False
2025-04-07 13:40:11,330 - INFO -   shuffle_test: False
2025-04-07 13:40:11,330 - INFO -   enable_checkpointing: True
2025-04-07 13:40:11,331 - INFO -   log_checkpoint: False
2025-04-07 13:40:11,332 - INFO -   checkpoint_interval: 1
2025-04-07 13:40:11,332 - INFO -   save_top_k: 1
2025-04-07 13:40:11,333 - INFO - [visualization_settings]
2025-04-07 13:40:11,333 - INFO -   save_to_disk: False
2025-04-07 13:40:11,333 - INFO -   log_to_neptune: True
2025-04-07 13:40:11,334 - INFO -   num_plots: 2
2025-04-07 13:40:11,334 - INFO -   check_val_every_n_epoch: 1
2025-04-07 13:40:11,335 - INFO -   plot_interval: 1
2025-04-07 13:40:11,335 - INFO - [neptune]
2025-04-07 13:40:11,336 - INFO -   enabled: True
2025-04-07 13:40:11,336 - INFO -   project: slim-gatech/Jayjay
