2025-04-07 13:36:59,548 - INFO - Configuration:
2025-04-07 13:36:59,550 - INFO - [experiment]
2025-04-07 13:36:59,551 - INFO -   name: NS_training
2025-04-07 13:36:59,552 - INFO -   log_dir: logs
2025-04-07 13:36:59,552 - INFO -   output_dir: output
2025-04-07 13:36:59,553 - INFO -   checkpoint_dir: checkpoints
2025-04-07 13:36:59,554 - INFO -   model_type: NS
2025-04-07 13:36:59,554 - INFO -   dataset_type: NS
2025-04-07 13:36:59,555 - INFO -   seed: 42
2025-04-07 13:36:59,556 - INFO -   debug: False
2025-04-07 13:36:59,557 - INFO -   tags: ['NS', 'JAC']
2025-04-07 13:36:59,557 - INFO - [data_settings]
2025-04-07 13:36:59,558 - INFO -   nx: 128
2025-04-07 13:36:59,559 - INFO -   ny: 128
2025-04-07 13:36:59,559 - INFO -   batch_size: 1
2025-04-07 13:36:59,560 - INFO -   eigen_count: 8
2025-04-07 13:36:59,561 - INFO -   sample_directories: ['../../datasets/dataset_NS_batch1', '../../datasets/dataset_NS_batch2']
2025-04-07 13:36:59,561 - INFO - [model_settings]
2025-04-07 13:36:59,562 - INFO -   in_channels: 1
2025-04-07 13:36:59,563 - INFO -   out_channels: 1
2025-04-07 13:36:59,563 - INFO -   decoder_layer_size: 256
2025-04-07 13:36:59,564 - INFO -   num_fno_layers: 6
2025-04-07 13:36:59,564 - INFO -   num_fno_modes: [32, 32]
2025-04-07 13:36:59,565 - INFO -   padding: 0
2025-04-07 13:36:59,566 - INFO -   dimension: 2
2025-04-07 13:36:59,566 - INFO -   latent_channels: 64
2025-04-07 13:36:59,567 - INFO -   loss_type: JAC
2025-04-07 13:36:59,568 - INFO -   train_eigen_count: 8
2025-04-07 13:36:59,568 - INFO -   reg_param: 0.5
2025-04-07 13:36:59,569 - INFO -   scale_factor: 5500.0
2025-04-07 13:36:59,569 - INFO -   learning_rate: 0.0001
2025-04-07 13:36:59,570 - INFO -   weight_decay: 1e-05
2025-04-07 13:36:59,571 - INFO - [training_settings]
2025-04-07 13:36:59,571 - INFO -   accum_steps: 1
2025-04-07 13:36:59,572 - INFO -   num_epoch: 100
2025-04-07 13:36:59,572 - INFO -   num_train: 128
2025-04-07 13:36:59,573 - INFO -   num_test: 10
2025-04-07 13:36:59,574 - INFO -   shuffle_train: False
2025-04-07 13:36:59,574 - INFO -   shuffle_test: False
2025-04-07 13:36:59,575 - INFO -   enable_checkpointing: True
2025-04-07 13:36:59,575 - INFO -   log_checkpoint: False
2025-04-07 13:36:59,576 - INFO -   checkpoint_interval: 1
2025-04-07 13:36:59,576 - INFO -   save_top_k: 1
2025-04-07 13:36:59,577 - INFO - [visualization_settings]
2025-04-07 13:36:59,578 - INFO -   save_to_disk: False
2025-04-07 13:36:59,578 - INFO -   log_to_neptune: True
2025-04-07 13:36:59,579 - INFO -   num_plots: 2
2025-04-07 13:36:59,580 - INFO -   check_val_every_n_epoch: 1
2025-04-07 13:36:59,580 - INFO -   plot_interval: 1
2025-04-07 13:36:59,581 - INFO - [neptune]
2025-04-07 13:36:59,581 - INFO -   enabled: True
2025-04-07 13:36:59,582 - INFO -   project: slim-gatech/Jayjay
